#
# There is insufficient memory for the Java Runtime Environment to continue.
# Native memory allocation (malloc) failed to allocate 1048576 bytes. Error detail: AllocateHeap
# Possible reasons:
#   The system is out of physical RAM or swap space
#   This process is running with CompressedOops enabled, and the Java Heap may be blocking the growth of the native heap
# Possible solutions:
#   Reduce memory load on the system
#   Increase physical memory or swap space
#   Check if swap backing store is full
#   Decrease Java heap size (-Xmx/-Xms)
#   Decrease number of Java threads
#   Decrease Java thread stack sizes (-Xss)
#   Set larger code cache with -XX:ReservedCodeCacheSize=
#   JVM is running with Unscaled Compressed Oops mode in which the Java heap is
#     placed in the first 4GB address space. The Java Heap base address is the
#     maximum limit for the native heap growth. Please use -XX:HeapBaseMinAddress
#     to set the Java Heap base and to place the Java Heap above 4GB virtual address.
# This output file may be truncated or incomplete.
#
#  Out of Memory Error (allocation.cpp:44), pid=16940, tid=15124
#
# JRE version: OpenJDK Runtime Environment Temurin-21.0.11+10 (21.0.11+10) (build 21.0.11+10-LTS)
# Java VM: OpenJDK 64-Bit Server VM Temurin-21.0.11+10 (21.0.11+10-LTS, mixed mode, sharing, tiered, compressed oops, compressed class ptrs, parallel gc, windows-amd64)
# No core dump will be written. Minidumps are not enabled by default on client versions of Windows
#

---------------  S U M M A R Y ------------

Command Line: --add-modules=ALL-SYSTEM --add-opens=java.base/java.util=ALL-UNNAMED --add-opens=java.base/java.lang=ALL-UNNAMED --add-opens=java.base/sun.nio.fs=ALL-UNNAMED -Declipse.application=org.eclipse.jdt.ls.core.id1 -Dosgi.bundles.defaultStartLevel=4 -Declipse.product=org.eclipse.jdt.ls.core.product -Djava.import.generatesMetadataFilesAtProjectRoot=false -DDetectVMInstallationsJob.disabled=true -Dfile.encoding=utf8 -XX:+UseParallelGC -XX:GCTimeRatio=4 -XX:AdaptiveSizePolicyWeight=90 -Dsun.zip.disableMemoryMapping=true -Xmx2G -Xms100m -Xlog:disable -javaagent:c:\Users\Dell\.vscode\extensions\redhat.java-1.55.0-win32-x64\lombok\lombok-1.18.39-4050.jar -XX:+HeapDumpOnOutOfMemoryError -XX:HeapDumpPath=c:\Users\Dell\AppData\Roaming\Code\User\workspaceStorage\4d1858ec969a40d187841ddc02feab80\redhat.java -Daether.dependencyCollector.impl=bf c:\Users\Dell\.vscode\extensions\redhat.java-1.55.0-win32-x64\server\plugins\org.eclipse.equinox.launcher_1.7.200.v20260619-2039.jar -configuration c:\Users\Dell\AppData\Roaming\Code\User\globalStorage\redhat.java\1.55.0\config_win -data c:\Users\Dell\AppData\Roaming\Code\User\workspaceStorage\4d1858ec969a40d187841ddc02feab80\redhat.java\jdt_ws --pipe=\\.\pipe\lsp-07ff2c8dcb8f76528eb5801be3bd5847-sock

Host: Intel(R) Core(TM) i5-1035G1 CPU @ 1.00GHz, 8 cores, 3G,  Windows 11 , 64 bit Build 26100 (10.0.26100.8875)
Time: Sat Jul 18 17:10:53 2026 India Standard Time elapsed time: 190.387626 seconds (0d 0h 3m 10s)

---------------  T H R E A D  ---------------

Current thread (0x00000200f76196a0):  JavaThread "Attach Listener" daemon [_thread_in_vm, id=15124, stack(0x0000009c5a900000,0x0000009c5aa00000) (1024K)]

Stack: [0x0000009c5a900000,0x0000009c5aa00000]
Native frames: (J=compiled Java code, j=interpreted, Vv=VM code, C=native code)
V  [jvm.dll+0x6d7e19]
V  [jvm.dll+0x8b5096]
V  [jvm.dll+0x8b764e]
V  [jvm.dll+0x8b7d33]
V  [jvm.dll+0x284596]
V  [jvm.dll+0xc13c7]
V  [jvm.dll+0x6d86c9]
V  [jvm.dll+0x133616]
V  [jvm.dll+0x3f868e]
V  [jvm.dll+0x85fb0d]
V  [jvm.dll+0x6d664d]
C  [ucrtbase.dll+0x2cd30]
C  [KERNEL32.DLL+0x2e957]
C  [ntdll.dll+0xaad6c]


---------------  P R O C E S S  ---------------

Threads class SMR info:
_java_thread_list=0x00000200d0f1dfb0, length=44, elements={
0x00000200efb8ab50, 0x00000200f7601ae0, 0x00000200f7603960, 0x00000200f7618c40,
0x00000200f76196a0, 0x00000200f761a380, 0x00000200f7621170, 0x00000200f7627b90,
0x00000200f7629860, 0x00000200fd17d520, 0x00000200fd322120, 0x00000200fd9d9420,
0x00000200fd9b34c0, 0x00000200fdbaf650, 0x00000200fd7c5b70, 0x00000200fd61cdd0,
0x00000200fd8f1e00, 0x00000200fdff5ee0, 0x00000200fdeb43f0, 0x00000200fdeb3040,
0x00000200fe56caf0, 0x00000200fe56d810, 0x00000200fe56e530, 0x00000200fe56ebc0,
0x00000200fe56b740, 0x00000200fe56f250, 0x00000200fe56bdd0, 0x00000200fe56f8e0,
0x00000200fe56c460, 0x00000200fe5726d0, 0x00000200fe572d60, 0x00000200fe5719b0,
0x00000200fe572040, 0x00000200fe56ff70, 0x00000200fe570600, 0x00000200fe570c90,
0x00000200fe571320, 0x00000200d03c8ac0, 0x00000200d03c7710, 0x00000200d03c6360,
0x00000200d03c9150, 0x00000200d03c97e0, 0x00000200d03cab90, 0x00000200d03cb220
}

Java Threads: ( => current thread )
  0x00000200efb8ab50 JavaThread "main"                              [_thread_blocked, id=1068, stack(0x0000009c5a200000,0x0000009c5a300000) (1024K)]
  0x00000200f7601ae0 JavaThread "Reference Handler"          daemon [_thread_blocked, id=13708, stack(0x0000009c5a600000,0x0000009c5a700000) (1024K)]
  0x00000200f7603960 JavaThread "Finalizer"                  daemon [_thread_blocked, id=12676, stack(0x0000009c5a700000,0x0000009c5a800000) (1024K)]
  0x00000200f7618c40 JavaThread "Signal Dispatcher"          daemon [_thread_blocked, id=15160, stack(0x0000009c5a800000,0x0000009c5a900000) (1024K)]
=>0x00000200f76196a0 JavaThread "Attach Listener"            daemon [_thread_in_vm, id=15124, stack(0x0000009c5a900000,0x0000009c5aa00000) (1024K)]
  0x00000200f761a380 JavaThread "Service Thread"             daemon [_thread_blocked, id=14816, stack(0x0000009c5aa00000,0x0000009c5ab00000) (1024K)]
  0x00000200f7621170 JavaThread "Monitor Deflation Thread"   daemon [_thread_blocked, id=2592, stack(0x0000009c5ab00000,0x0000009c5ac00000) (1024K)]
  0x00000200f7627b90 JavaThread "C2 CompilerThread0"         daemon [_thread_blocked, id=640, stack(0x0000009c5ac00000,0x0000009c5ad00000) (1024K)]
  0x00000200f7629860 JavaThread "C1 CompilerThread0"         daemon [_thread_blocked, id=10316, stack(0x0000009c5ad00000,0x0000009c5ae00000) (1024K)]
  0x00000200fd17d520 JavaThread "Common-Cleaner"             daemon [_thread_blocked, id=1860, stack(0x0000009c5ae00000,0x0000009c5af00000) (1024K)]
  0x00000200fd322120 JavaThread "Notification Thread"        daemon [_thread_blocked, id=18044, stack(0x0000009c5af00000,0x0000009c5b000000) (1024K)]
  0x00000200fd9d9420 JavaThread "Active Thread: Equinox Container: 4c4fcde4-eedf-47d9-a71c-1d1f9024c2b3"        [_thread_blocked, id=3636, stack(0x0000009c5b600000,0x0000009c5b700000) (1024K)]
  0x00000200fd9b34c0 JavaThread "Refresh Thread: Equinox Container: 4c4fcde4-eedf-47d9-a71c-1d1f9024c2b3" daemon [_thread_blocked, id=16348, stack(0x0000009c5b800000,0x0000009c5b900000) (1024K)]
  0x00000200fdbaf650 JavaThread "Framework Event Dispatcher: Equinox Container: 4c4fcde4-eedf-47d9-a71c-1d1f9024c2b3" daemon [_thread_blocked, id=12212, stack(0x0000009c5b900000,0x0000009c5ba00000) (1024K)]
  0x00000200fd7c5b70 JavaThread "Start Level: Equinox Container: 4c4fcde4-eedf-47d9-a71c-1d1f9024c2b3" daemon [_thread_blocked, id=6160, stack(0x0000009c5ba00000,0x0000009c5bb00000) (1024K)]
  0x00000200fd61cdd0 JavaThread "Bundle File Closer"         daemon [_thread_blocked, id=5672, stack(0x0000009c5bb00000,0x0000009c5bc00000) (1024K)]
  0x00000200fd8f1e00 JavaThread "SCR Component Actor"        daemon [_thread_blocked, id=7996, stack(0x0000009c5bc00000,0x0000009c5bd00000) (1024K)]
  0x00000200fdff5ee0 JavaThread "Worker-JM"                         [_thread_blocked, id=3036, stack(0x0000009c5bd00000,0x0000009c5be00000) (1024K)]
  0x00000200fdeb43f0 JavaThread "JNA Cleaner"                daemon [_thread_blocked, id=13536, stack(0x0000009c5be00000,0x0000009c5bf00000) (1024K)]
  0x00000200fdeb3040 JavaThread "Worker-0"                          [_thread_blocked, id=13932, stack(0x0000009c5bf00000,0x0000009c5c000000) (1024K)]
  0x00000200fe56caf0 JavaThread "Java indexing"              daemon [_thread_blocked, id=8544, stack(0x0000009c5c200000,0x0000009c5c300000) (1024K)]
  0x00000200fe56d810 JavaThread "Worker-3"                          [_thread_blocked, id=4664, stack(0x0000009c5c500000,0x0000009c5c600000) (1024K)]
  0x00000200fe56e530 JavaThread "Thread-1"                   daemon [_thread_in_native, id=12908, stack(0x0000009c5c700000,0x0000009c5c800000) (1024K)]
  0x00000200fe56ebc0 JavaThread "Thread-2"                   daemon [_thread_in_native, id=12128, stack(0x0000009c5c800000,0x0000009c5c900000) (1024K)]
  0x00000200fe56b740 JavaThread "Thread-3"                   daemon [_thread_in_native, id=14120, stack(0x0000009c5c900000,0x0000009c5ca00000) (1024K)]
  0x00000200fe56f250 JavaThread "Thread-4"                   daemon [_thread_in_native, id=3580, stack(0x0000009c5ca00000,0x0000009c5cb00000) (1024K)]
  0x00000200fe56bdd0 JavaThread "Thread-5"                   daemon [_thread_in_native, id=10376, stack(0x0000009c5cb00000,0x0000009c5cc00000) (1024K)]
  0x00000200fe56f8e0 JavaThread "Thread-6"                   daemon [_thread_in_native, id=1960, stack(0x0000009c5cc00000,0x0000009c5cd00000) (1024K)]
  0x00000200fe56c460 JavaThread "Thread-7"                   daemon [_thread_in_native, id=13812, stack(0x0000009c5cd00000,0x0000009c5ce00000) (1024K)]
  0x00000200fe5726d0 JavaThread "Thread-8"                   daemon [_thread_in_native, id=4788, stack(0x0000009c5ce00000,0x0000009c5cf00000) (1024K)]
  0x00000200fe572d60 JavaThread "Thread-9"                   daemon [_thread_in_native, id=14480, stack(0x0000009c5cf00000,0x0000009c5d000000) (1024K)]
  0x00000200fe5719b0 JavaThread "pool-2-thread-1"                   [_thread_blocked, id=8096, stack(0x0000009c5d000000,0x0000009c5d100000) (1024K)]
  0x00000200fe572040 JavaThread "WorkspaceEventsHandler"            [_thread_blocked, id=6028, stack(0x0000009c5d100000,0x0000009c5d200000) (1024K)]
  0x00000200fe56ff70 JavaThread "pool-1-thread-1"                   [_thread_blocked, id=13456, stack(0x0000009c5d200000,0x0000009c5d300000) (1024K)]
  0x00000200fe570600 JavaThread "PatternSearchJob-worker-1"  daemon [_thread_blocked, id=18332, stack(0x0000009c5d300000,0x0000009c5d400000) (1024K)]
  0x00000200fe570c90 JavaThread "PatternSearchJob-worker-2"  daemon [_thread_blocked, id=9876, stack(0x0000009c5d400000,0x0000009c5d500000) (1024K)]
  0x00000200fe571320 JavaThread "PatternSearchJob-worker-3"  daemon [_thread_blocked, id=6884, stack(0x0000009c5d500000,0x0000009c5d600000) (1024K)]
  0x00000200d03c8ac0 JavaThread "PatternSearchJob-worker-4"  daemon [_thread_blocked, id=16576, stack(0x0000009c5d600000,0x0000009c5d700000) (1024K)]
  0x00000200d03c7710 JavaThread "PatternSearchJob-worker-5"  daemon [_thread_blocked, id=12784, stack(0x0000009c5d700000,0x0000009c5d800000) (1024K)]
  0x00000200d03c6360 JavaThread "PatternSearchJob-worker-6"  daemon [_thread_blocked, id=9160, stack(0x0000009c5d800000,0x0000009c5d900000) (1024K)]
  0x00000200d03c9150 JavaThread "PatternSearchJob-worker-7"  daemon [_thread_blocked, id=3788, stack(0x0000009c5d900000,0x0000009c5da00000) (1024K)]
  0x00000200d03c97e0 JavaThread "ForkJoinPool.commonPool-worker-1" daemon [_thread_blocked, id=5124, stack(0x0000009c5dc00000,0x0000009c5dd00000) (1024K)]
  0x00000200d03cab90 JavaThread "ForkJoinPool.commonPool-worker-3" daemon [_thread_blocked, id=14988, stack(0x0000009c5de00000,0x0000009c5df00000) (1024K)]
  0x00000200d03cb220 JavaThread "ForkJoinPool.commonPool-worker-4" daemon [_thread_blocked, id=7460, stack(0x0000009c5df00000,0x0000009c5e000000) (1024K)]
Total: 44

Other Threads:
  0x00000200f75f2ee0 VMThread "VM Thread"                           [id=332, stack(0x0000009c5a500000,0x0000009c5a600000) (1024K)]
  0x00000200efbfc3f0 WatcherThread "VM Periodic Task Thread"        [id=17544, stack(0x0000009c5a400000,0x0000009c5a500000) (1024K)]
  0x00000200efbad6b0 WorkerThread "GC Thread#0"                     [id=6104, stack(0x0000009c5a300000,0x0000009c5a400000) (1024K)]
  0x00000200fd45af10 WorkerThread "GC Thread#1"                     [id=10632, stack(0x0000009c5b000000,0x0000009c5b100000) (1024K)]
  0x00000200fd45b8e0 WorkerThread "GC Thread#2"                     [id=5492, stack(0x0000009c5b100000,0x0000009c5b200000) (1024K)]
  0x00000200fd7d9710 WorkerThread "GC Thread#3"                     [id=12328, stack(0x0000009c5b200000,0x0000009c5b300000) (1024K)]
  0x00000200fd7d9ac0 WorkerThread "GC Thread#4"                     [id=10880, stack(0x0000009c5b300000,0x0000009c5b400000) (1024K)]
  0x00000200fd7da280 WorkerThread "GC Thread#5"                     [id=8164, stack(0x0000009c5b400000,0x0000009c5b500000) (1024K)]
  0x00000200fd652c90 WorkerThread "GC Thread#6"                     [id=16500, stack(0x0000009c5b500000,0x0000009c5b600000) (1024K)]
  0x00000200fd8391f0 WorkerThread "GC Thread#7"                     [id=14616, stack(0x0000009c5b700000,0x0000009c5b800000) (1024K)]
Total: 10

Threads with active compile tasks:
Total: 0

VM state: not at safepoint (normal execution)

VM Mutex/Monitor currently owned by a thread: None

Heap address: 0x0000000080000000, size: 2048 MB, Compressed Oops mode: 32-bit

CDS archive(s) mapped at: [0x000002008f000000-0x000002008fba0000-0x000002008fba0000), size 12189696, SharedBaseAddress: 0x000002008f000000, ArchiveRelocationMode: 1.
Compressed class space mapped at: 0x0000020090000000-0x00000200d0000000, reserved size: 1073741824
Narrow klass base: 0x000002008f000000, Narrow klass shift: 0, Narrow klass range: 0x100000000

GC Precious Log:
 CardTable entry size: 512
 CPUs: 8 total, 8 available
 Memory: 3863M
 Large Page Support: Disabled
 NUMA Support: Disabled
 Compressed Oops: Enabled (32-bit)
 Alignments: Space 512K, Generation 512K, Heap 2M
 Heap Min Capacity: 100M
 Heap Initial Capacity: 100M
 Heap Max Capacity: 2G
 Pre-touch: Disabled
 Parallel Workers: 8

Heap:
 PSYoungGen      total 5632K, used 3837K [0x00000000d5580000, 0x00000000d5c00000, 0x0000000100000000)
  eden space 5120K, 68% used [0x00000000d5580000,0x00000000d58e75a8,0x00000000d5a80000)
  from space 512K, 68% used [0x00000000d5b00000,0x00000000d5b58000,0x00000000d5b80000)
  to   space 512K, 0% used [0x00000000d5b80000,0x00000000d5b80000,0x00000000d5c00000)
 ParOldGen       total 129024K, used 128909K [0x0000000080000000, 0x0000000087e00000, 0x00000000d5580000)
  object space 129024K, 99% used [0x0000000080000000,0x0000000087de34f0,0x0000000087e00000)
 Metaspace       used 67657K, committed 69184K, reserved 1114112K
  class space    used 6889K, committed 7552K, reserved 1048576K

Card table byte_map: [0x00000200ef540000,0x00000200ef950000] _byte_map_base: 0x00000200ef140000

Marking Bits: (ParMarkBitMap*) 0x00007ff9d32e4460
 Begin Bits: [0x00000200f3030000, 0x00000200f5030000)
 End Bits:   [0x00000200f5030000, 0x00000200f7030000)

Polling page: 0x00000200edf10000

Metaspace:

Usage:
  Non-class:     59.34 MB used.
      Class:      6.73 MB used.
       Both:     66.07 MB used.

Virtual space:
  Non-class space:       64.00 MB reserved,      60.19 MB ( 94%) committed,  1 nodes.
      Class space:        1.00 GB reserved,       7.38 MB ( <1%) committed,  1 nodes.
             Both:        1.06 GB reserved,      67.56 MB (  6%) committed. 

Chunk freelists:
   Non-Class:  3.76 MB
       Class:  8.53 MB
        Both:  12.29 MB

MaxMetaspaceSize: unlimited
CompressedClassSpaceSize: 1.00 GB
Initial GC threshold: 21.00 MB
Current GC threshold: 98.12 MB
CDS: on
 - commit_granule_bytes: 65536.
 - commit_granule_words: 8192.
 - virtual_space_node_default_size: 8388608.
 - enlarge_chunks_in_place: 1.
 - use_allocation_guard: 0.


Internal statistics:

num_allocs_failed_limit: 15.
num_arena_births: 1346.
num_arena_deaths: 18.
num_vsnodes_births: 2.
num_vsnodes_deaths: 0.
num_space_committed: 1081.
num_space_uncommitted: 0.
num_chunks_returned_to_freelist: 34.
num_chunks_taken_from_freelist: 4645.
num_chunk_merges: 19.
num_chunk_splits: 2818.
num_chunks_enlarged: 1539.
num_inconsistent_stats: 0.

CodeHeap 'non-profiled nmethods': size=120000Kb used=9240Kb max_used=9240Kb free=110759Kb
 bounds [0x0000020087ad0000, 0x00000200883e0000, 0x000002008f000000]
CodeHeap 'profiled nmethods': size=120000Kb used=33432Kb max_used=33432Kb free=86567Kb
 bounds [0x0000020080000000, 0x00000200820b0000, 0x0000020087530000]
CodeHeap 'non-nmethods': size=5760Kb used=1444Kb max_used=1525Kb free=4315Kb
 bounds [0x0000020087530000, 0x00000200877a0000, 0x0000020087ad0000]
CodeCache: size=245760Kb, used=44116Kb, max_used=44197Kb, free=201641Kb
 total_blobs=15041, nmethods=14292, adapters=651, full_count=0
Compilation: enabled, stopped_count=0, restarted_count=0

Compilation events (20 events):
Event: 73.419 Thread 0x00000200f7629860 nmethod 15131 0x00000200820a4210 code [0x00000200820a43a0, 0x00000200820a4520]
Event: 73.420 Thread 0x00000200f7629860 15133       3       org.eclipse.lsp4j.jsonrpc.json.adapters.CollectionTypeAdapter::write (123 bytes)
Event: 73.421 Thread 0x00000200f7629860 nmethod 15133 0x00000200820a4610 code [0x00000200820a4900, 0x00000200820a5970]
Event: 73.421 Thread 0x00000200f7629860 15132       3       org.eclipse.lsp4j.jsonrpc.json.adapters.CollectionTypeAdapter::write (10 bytes)
Event: 73.421 Thread 0x00000200f7629860 nmethod 15132 0x00000200820a5e90 code [0x00000200820a6040, 0x00000200820a62a0]
Event: 73.424 Thread 0x00000200f7627b90 nmethod 15098 0x00000200883cfa10 code [0x00000200883cfca0, 0x00000200883d0630]
Event: 73.424 Thread 0x00000200f7627b90 15117       4       java.util.stream.Nodes$FixedNodeBuilder::end (51 bytes)
Event: 73.425 Thread 0x00000200f7627b90 nmethod 15117 0x00000200883d0d90 code [0x00000200883d0f20, 0x00000200883d0fe8]
Event: 73.425 Thread 0x00000200f7627b90 15121   !   4       org.eclipse.jdt.internal.compiler.parser.Scanner::pushLineSeparator (300 bytes)
Event: 73.428 Thread 0x00000200f7627b90 nmethod 15121 0x00000200883d1090 code [0x00000200883d1260, 0x00000200883d15b8]
Event: 73.428 Thread 0x00000200f7627b90 15093   !   4       org.eclipse.jdt.internal.compiler.parser.Scanner::getNextChar (140 bytes)
Event: 73.430 Thread 0x00000200f7627b90 nmethod 15093 0x00000200883d1890 code [0x00000200883d1a20, 0x00000200883d1b98]
Event: 73.430 Thread 0x00000200f7627b90 15080       4       java.net.URI$Parser::parse (243 bytes)
Event: 73.458 Thread 0x00000200f7627b90 nmethod 15080 0x00000200883d1d10 code [0x00000200883d2060, 0x00000200883d3770]
Event: 73.458 Thread 0x00000200f7627b90 15134       4       java.lang.ClassLoader::getPackage (36 bytes)
Event: 73.479 Thread 0x00000200f7627b90 nmethod 15134 0x00000200883d4910 code [0x00000200883d4b60, 0x00000200883d5378]
Event: 73.479 Thread 0x00000200f7627b90 15100       4       java.util.regex.Pattern$TreeInfo::reset (21 bytes)
Event: 73.479 Thread 0x00000200f7627b90 nmethod 15100 0x00000200883d5b90 code [0x00000200883d5d20, 0x00000200883d5db8]
Event: 73.479 Thread 0x00000200f7627b90 15099       4       java.util.regex.Pattern$SliceNode::study (37 bytes)
Event: 73.480 Thread 0x00000200f7627b90 nmethod 15099 0x00000200883d5e90 code [0x00000200883d6020, 0x00000200883d6110]

GC Heap History (20 events):
Event: 69.398 GC heap before
{Heap before GC invocations=169 (full 3):
 PSYoungGen      total 6144K, used 5984K [0x00000000d5580000, 0x00000000d5c80000, 0x0000000100000000)
  eden space 5120K, 100% used [0x00000000d5580000,0x00000000d5a80000,0x00000000d5a80000)
  from space 1024K, 84% used [0x00000000d5a80000,0x00000000d5b58000,0x00000000d5b80000)
  to   space 1024K, 0% used [0x00000000d5b80000,0x00000000d5b80000,0x00000000d5c80000)
 ParOldGen       total 127488K, used 126980K [0x0000000080000000, 0x0000000087c80000, 0x00000000d5580000)
  object space 127488K, 99% used [0x0000000080000000,0x0000000087c01040,0x0000000087c80000)
 Metaspace       used 66928K, committed 68480K, reserved 1114112K
  class space    used 6827K, committed 7488K, reserved 1048576K
}
Event: 69.400 GC heap after
{Heap after GC invocations=169 (full 3):
 PSYoungGen      total 6144K, used 512K [0x00000000d5580000, 0x00000000d5c80000, 0x0000000100000000)
  eden space 5120K, 0% used [0x00000000d5580000,0x00000000d5580000,0x00000000d5a80000)
  from space 1024K, 50% used [0x00000000d5b80000,0x00000000d5c00000,0x00000000d5c80000)
  to   space 1024K, 0% used [0x00000000d5a80000,0x00000000d5a80000,0x00000000d5b80000)
 ParOldGen       total 127488K, used 127332K [0x0000000080000000, 0x0000000087c80000, 0x00000000d5580000)
  object space 127488K, 99% used [0x0000000080000000,0x0000000087c59040,0x0000000087c80000)
 Metaspace       used 66928K, committed 68480K, reserved 1114112K
  class space    used 6827K, committed 7488K, reserved 1048576K
}
Event: 69.518 GC heap before
{Heap before GC invocations=170 (full 3):
 PSYoungGen      total 6144K, used 5631K [0x00000000d5580000, 0x00000000d5c80000, 0x0000000100000000)
  eden space 5120K, 99% used [0x00000000d5580000,0x00000000d5a7fff0,0x00000000d5a80000)
  from space 1024K, 50% used [0x00000000d5b80000,0x00000000d5c00000,0x00000000d5c80000)
  to   space 1024K, 0% used [0x00000000d5a80000,0x00000000d5a80000,0x00000000d5b80000)
 ParOldGen       total 127488K, used 127332K [0x0000000080000000, 0x0000000087c80000, 0x00000000d5580000)
  object space 127488K, 99% used [0x0000000080000000,0x0000000087c59040,0x0000000087c80000)
 Metaspace       used 66990K, committed 68544K, reserved 1114112K
  class space    used 6829K, committed 7488K, reserved 1048576K
}
Event: 69.520 GC heap after
{Heap after GC invocations=170 (full 3):
 PSYoungGen      total 6144K, used 416K [0x00000000d5580000, 0x00000000d5c00000, 0x0000000100000000)
  eden space 5120K, 0% used [0x00000000d5580000,0x00000000d5580000,0x00000000d5a80000)
  from space 1024K, 40% used [0x00000000d5a80000,0x00000000d5ae8000,0x00000000d5b80000)
  to   space 512K, 0% used [0x00000000d5b80000,0x00000000d5b80000,0x00000000d5c00000)
 ParOldGen       total 128000K, used 127660K [0x0000000080000000, 0x0000000087d00000, 0x00000000d5580000)
  object space 128000K, 99% used [0x0000000080000000,0x0000000087cab040,0x0000000087d00000)
 Metaspace       used 66990K, committed 68544K, reserved 1114112K
  class space    used 6829K, committed 7488K, reserved 1048576K
}
Event: 70.450 GC heap before
{Heap before GC invocations=171 (full 3):
 PSYoungGen      total 6144K, used 5521K [0x00000000d5580000, 0x00000000d5c00000, 0x0000000100000000)
  eden space 5120K, 99% used [0x00000000d5580000,0x00000000d5a7c458,0x00000000d5a80000)
  from space 1024K, 40% used [0x00000000d5a80000,0x00000000d5ae8000,0x00000000d5b80000)
  to   space 512K, 0% used [0x00000000d5b80000,0x00000000d5b80000,0x00000000d5c00000)
 ParOldGen       total 128000K, used 127660K [0x0000000080000000, 0x0000000087d00000, 0x00000000d5580000)
  object space 128000K, 99% used [0x0000000080000000,0x0000000087cab040,0x0000000087d00000)
 Metaspace       used 67361K, committed 68928K, reserved 1114112K
  class space    used 6865K, committed 7552K, reserved 1048576K
}
Event: 70.453 GC heap after
{Heap after GC invocations=171 (full 3):
 PSYoungGen      total 5632K, used 480K [0x00000000d5580000, 0x00000000d5c00000, 0x0000000100000000)
  eden space 5120K, 0% used [0x00000000d5580000,0x00000000d5580000,0x00000000d5a80000)
  from space 512K, 93% used [0x00000000d5b80000,0x00000000d5bf8020,0x00000000d5c00000)
  to   space 512K, 0% used [0x00000000d5b00000,0x00000000d5b00000,0x00000000d5b80000)
 ParOldGen       total 128000K, used 127844K [0x0000000080000000, 0x0000000087d00000, 0x00000000d5580000)
  object space 128000K, 99% used [0x0000000080000000,0x0000000087cd9040,0x0000000087d00000)
 Metaspace       used 67361K, committed 68928K, reserved 1114112K
  class space    used 6865K, committed 7552K, reserved 1048576K
}
Event: 70.660 GC heap before
{Heap before GC invocations=172 (full 3):
 PSYoungGen      total 5632K, used 5600K [0x00000000d5580000, 0x00000000d5c00000, 0x0000000100000000)
  eden space 5120K, 100% used [0x00000000d5580000,0x00000000d5a80000,0x00000000d5a80000)
  from space 512K, 93% used [0x00000000d5b80000,0x00000000d5bf8020,0x00000000d5c00000)
  to   space 512K, 0% used [0x00000000d5b00000,0x00000000d5b00000,0x00000000d5b80000)
 ParOldGen       total 128000K, used 127844K [0x0000000080000000, 0x0000000087d00000, 0x00000000d5580000)
  object space 128000K, 99% used [0x0000000080000000,0x0000000087cd9040,0x0000000087d00000)
 Metaspace       used 67364K, committed 68928K, reserved 1114112K
  class space    used 6865K, committed 7552K, reserved 1048576K
}
Event: 70.662 GC heap after
{Heap after GC invocations=172 (full 3):
 PSYoungGen      total 5632K, used 192K [0x00000000d5580000, 0x00000000d5c00000, 0x0000000100000000)
  eden space 5120K, 0% used [0x00000000d5580000,0x00000000d5580000,0x00000000d5a80000)
  from space 512K, 37% used [0x00000000d5b00000,0x00000000d5b30000,0x00000000d5b80000)
  to   space 512K, 0% used [0x00000000d5b80000,0x00000000d5b80000,0x00000000d5c00000)
 ParOldGen       total 128512K, used 128232K [0x0000000080000000, 0x0000000087d80000, 0x00000000d5580000)
  object space 128512K, 99% used [0x0000000080000000,0x0000000087d3a2d0,0x0000000087d80000)
 Metaspace       used 67364K, committed 68928K, reserved 1114112K
  class space    used 6865K, committed 7552K, reserved 1048576K
}
Event: 71.167 GC heap before
{Heap before GC invocations=173 (full 3):
 PSYoungGen      total 5632K, used 5312K [0x00000000d5580000, 0x00000000d5c00000, 0x0000000100000000)
  eden space 5120K, 100% used [0x00000000d5580000,0x00000000d5a80000,0x00000000d5a80000)
  from space 512K, 37% used [0x00000000d5b00000,0x00000000d5b30000,0x00000000d5b80000)
  to   space 512K, 0% used [0x00000000d5b80000,0x00000000d5b80000,0x00000000d5c00000)
 ParOldGen       total 128512K, used 128232K [0x0000000080000000, 0x0000000087d80000, 0x00000000d5580000)
  object space 128512K, 99% used [0x0000000080000000,0x0000000087d3a2d0,0x0000000087d80000)
 Metaspace       used 67395K, committed 68928K, reserved 1114112K
  class space    used 6869K, committed 7552K, reserved 1048576K
}
Event: 71.172 GC heap after
{Heap after GC invocations=173 (full 3):
 PSYoungGen      total 5632K, used 192K [0x00000000d5580000, 0x00000000d5c00000, 0x0000000100000000)
  eden space 5120K, 0% used [0x00000000d5580000,0x00000000d5580000,0x00000000d5a80000)
  from space 512K, 37% used [0x00000000d5b80000,0x00000000d5bb0000,0x00000000d5c00000)
  to   space 512K, 0% used [0x00000000d5b00000,0x00000000d5b00000,0x00000000d5b80000)
 ParOldGen       total 128512K, used 128272K [0x0000000080000000, 0x0000000087d80000, 0x00000000d5580000)
  object space 128512K, 99% used [0x0000000080000000,0x0000000087d442d0,0x0000000087d80000)
 Metaspace       used 67395K, committed 68928K, reserved 1114112K
  class space    used 6869K, committed 7552K, reserved 1048576K
}
Event: 71.706 GC heap before
{Heap before GC invocations=174 (full 3):
 PSYoungGen      total 5632K, used 5311K [0x00000000d5580000, 0x00000000d5c00000, 0x0000000100000000)
  eden space 5120K, 99% used [0x00000000d5580000,0x00000000d5a7fff8,0x00000000d5a80000)
  from space 512K, 37% used [0x00000000d5b80000,0x00000000d5bb0000,0x00000000d5c00000)
  to   space 512K, 0% used [0x00000000d5b00000,0x00000000d5b00000,0x00000000d5b80000)
 ParOldGen       total 128512K, used 128272K [0x0000000080000000, 0x0000000087d80000, 0x00000000d5580000)
  object space 128512K, 99% used [0x0000000080000000,0x0000000087d442d0,0x0000000087d80000)
 Metaspace       used 67430K, committed 68992K, reserved 1114112K
  class space    used 6870K, committed 7552K, reserved 1048576K
}
Event: 71.708 GC heap after
{Heap after GC invocations=174 (full 3):
 PSYoungGen      total 5632K, used 500K [0x00000000d5580000, 0x00000000d5c80000, 0x0000000100000000)
  eden space 5120K, 0% used [0x00000000d5580000,0x00000000d5580000,0x00000000d5a80000)
  from space 512K, 97% used [0x00000000d5b00000,0x00000000d5b7d220,0x00000000d5b80000)
  to   space 1024K, 0% used [0x00000000d5b80000,0x00000000d5b80000,0x00000000d5c80000)
 ParOldGen       total 128512K, used 128352K [0x0000000080000000, 0x0000000087d80000, 0x00000000d5580000)
  object space 128512K, 99% used [0x0000000080000000,0x0000000087d582d0,0x0000000087d80000)
 Metaspace       used 67430K, committed 68992K, reserved 1114112K
  class space    used 6870K, committed 7552K, reserved 1048576K
}
Event: 71.770 GC heap before
{Heap before GC invocations=175 (full 3):
 PSYoungGen      total 5632K, used 5571K [0x00000000d5580000, 0x00000000d5c80000, 0x0000000100000000)
  eden space 5120K, 99% used [0x00000000d5580000,0x00000000d5a73b80,0x00000000d5a80000)
  from space 512K, 97% used [0x00000000d5b00000,0x00000000d5b7d220,0x00000000d5b80000)
  to   space 1024K, 0% used [0x00000000d5b80000,0x00000000d5b80000,0x00000000d5c80000)
 ParOldGen       total 128512K, used 128352K [0x0000000080000000, 0x0000000087d80000, 0x00000000d5580000)
  object space 128512K, 99% used [0x0000000080000000,0x0000000087d582d0,0x0000000087d80000)
 Metaspace       used 67433K, committed 68992K, reserved 1114112K
  class space    used 6870K, committed 7552K, reserved 1048576K
}
Event: 71.772 GC heap after
{Heap after GC invocations=175 (full 3):
 PSYoungGen      total 5632K, used 224K [0x00000000d5580000, 0x00000000d5c00000, 0x0000000100000000)
  eden space 5120K, 0% used [0x00000000d5580000,0x00000000d5580000,0x00000000d5a80000)
  from space 512K, 43% used [0x00000000d5b80000,0x00000000d5bb8000,0x00000000d5c00000)
  to   space 512K, 0% used [0x00000000d5b00000,0x00000000d5b00000,0x00000000d5b80000)
 ParOldGen       total 129024K, used 128725K [0x0000000080000000, 0x0000000087e00000, 0x00000000d5580000)
  object space 129024K, 99% used [0x0000000080000000,0x0000000087db54f0,0x0000000087e00000)
 Metaspace       used 67433K, committed 68992K, reserved 1114112K
  class space    used 6870K, committed 7552K, reserved 1048576K
}
Event: 71.878 GC heap before
{Heap before GC invocations=176 (full 3):
 PSYoungGen      total 5632K, used 5330K [0x00000000d5580000, 0x00000000d5c00000, 0x0000000100000000)
  eden space 5120K, 99% used [0x00000000d5580000,0x00000000d5a7c820,0x00000000d5a80000)
  from space 512K, 43% used [0x00000000d5b80000,0x00000000d5bb8000,0x00000000d5c00000)
  to   space 512K, 0% used [0x00000000d5b00000,0x00000000d5b00000,0x00000000d5b80000)
 ParOldGen       total 129024K, used 128725K [0x0000000080000000, 0x0000000087e00000, 0x00000000d5580000)
  object space 129024K, 99% used [0x0000000080000000,0x0000000087db54f0,0x0000000087e00000)
 Metaspace       used 67433K, committed 68992K, reserved 1114112K
  class space    used 6870K, committed 7552K, reserved 1048576K
}
Event: 71.879 GC heap after
{Heap after GC invocations=176 (full 3):
 PSYoungGen      total 5632K, used 224K [0x00000000d5580000, 0x00000000d5c00000, 0x0000000100000000)
  eden space 5120K, 0% used [0x00000000d5580000,0x00000000d5580000,0x00000000d5a80000)
  from space 512K, 43% used [0x00000000d5b00000,0x00000000d5b38000,0x00000000d5b80000)
  to   space 512K, 0% used [0x00000000d5b80000,0x00000000d5b80000,0x00000000d5c00000)
 ParOldGen       total 129024K, used 128773K [0x0000000080000000, 0x0000000087e00000, 0x00000000d5580000)
  object space 129024K, 99% used [0x0000000080000000,0x0000000087dc14f0,0x0000000087e00000)
 Metaspace       used 67433K, committed 68992K, reserved 1114112K
  class space    used 6870K, committed 7552K, reserved 1048576K
}
Event: 72.358 GC heap before
{Heap before GC invocations=177 (full 3):
 PSYoungGen      total 5632K, used 5344K [0x00000000d5580000, 0x00000000d5c00000, 0x0000000100000000)
  eden space 5120K, 100% used [0x00000000d5580000,0x00000000d5a80000,0x00000000d5a80000)
  from space 512K, 43% used [0x00000000d5b00000,0x00000000d5b38000,0x00000000d5b80000)
  to   space 512K, 0% used [0x00000000d5b80000,0x00000000d5b80000,0x00000000d5c00000)
 ParOldGen       total 129024K, used 128773K [0x0000000080000000, 0x0000000087e00000, 0x00000000d5580000)
  object space 129024K, 99% used [0x0000000080000000,0x0000000087dc14f0,0x0000000087e00000)
 Metaspace       used 67490K, committed 69056K, reserved 1114112K
  class space    used 6872K, committed 7552K, reserved 1048576K
}
Event: 72.369 GC heap after
{Heap after GC invocations=177 (full 3):
 PSYoungGen      total 5632K, used 160K [0x00000000d5580000, 0x00000000d5c00000, 0x0000000100000000)
  eden space 5120K, 0% used [0x00000000d5580000,0x00000000d5580000,0x00000000d5a80000)
  from space 512K, 31% used [0x00000000d5b80000,0x00000000d5ba8000,0x00000000d5c00000)
  to   space 512K, 0% used [0x00000000d5b00000,0x00000000d5b00000,0x00000000d5b80000)
 ParOldGen       total 129024K, used 128837K [0x0000000080000000, 0x0000000087e00000, 0x00000000d5580000)
  object space 129024K, 99% used [0x0000000080000000,0x0000000087dd14f0,0x0000000087e00000)
 Metaspace       used 67490K, committed 69056K, reserved 1114112K
  class space    used 6872K, committed 7552K, reserved 1048576K
}
Event: 73.310 GC heap before
{Heap before GC invocations=178 (full 3):
 PSYoungGen      total 5632K, used 5280K [0x00000000d5580000, 0x00000000d5c00000, 0x0000000100000000)
  eden space 5120K, 100% used [0x00000000d5580000,0x00000000d5a80000,0x00000000d5a80000)
  from space 512K, 31% used [0x00000000d5b80000,0x00000000d5ba8000,0x00000000d5c00000)
  to   space 512K, 0% used [0x00000000d5b00000,0x00000000d5b00000,0x00000000d5b80000)
 ParOldGen       total 129024K, used 128837K [0x0000000080000000, 0x0000000087e00000, 0x00000000d5580000)
  object space 129024K, 99% used [0x0000000080000000,0x0000000087dd14f0,0x0000000087e00000)
 Metaspace       used 67620K, committed 69184K, reserved 1114112K
  class space    used 6884K, committed 7552K, reserved 1048576K
}
Event: 73.314 GC heap after
{Heap after GC invocations=178 (full 3):
 PSYoungGen      total 5632K, used 352K [0x00000000d5580000, 0x00000000d5c00000, 0x0000000100000000)
  eden space 5120K, 0% used [0x00000000d5580000,0x00000000d5580000,0x00000000d5a80000)
  from space 512K, 68% used [0x00000000d5b00000,0x00000000d5b58000,0x00000000d5b80000)
  to   space 512K, 0% used [0x00000000d5b80000,0x00000000d5b80000,0x00000000d5c00000)
 ParOldGen       total 129024K, used 128909K [0x0000000080000000, 0x0000000087e00000, 0x00000000d5580000)
  object space 129024K, 99% used [0x0000000080000000,0x0000000087de34f0,0x0000000087e00000)
 Metaspace       used 67620K, committed 69184K, reserved 1114112K
  class space    used 6884K, committed 7552K, reserved 1048576K
}

Dll operation events (10 events):
Event: 1.104 Loaded shared library c:\Users\Dell\.vscode\extensions\redhat.java-1.55.0-win32-x64\jre\21.0.11-win32-x86_64\bin\java.dll
Event: 1.180 Loaded shared library c:\Users\Dell\.vscode\extensions\redhat.java-1.55.0-win32-x64\jre\21.0.11-win32-x86_64\bin\zip.dll
Event: 1.202 Loaded shared library C:\Users\Dell\.vscode\extensions\redhat.java-1.55.0-win32-x64\jre\21.0.11-win32-x86_64\bin\instrument.dll
Event: 1.441 Loaded shared library C:\Users\Dell\.vscode\extensions\redhat.java-1.55.0-win32-x64\jre\21.0.11-win32-x86_64\bin\net.dll
Event: 1.650 Loaded shared library C:\Users\Dell\.vscode\extensions\redhat.java-1.55.0-win32-x64\jre\21.0.11-win32-x86_64\bin\nio.dll
Event: 1.656 Loaded shared library C:\Users\Dell\.vscode\extensions\redhat.java-1.55.0-win32-x64\jre\21.0.11-win32-x86_64\bin\zip.dll
Event: 1.691 Loaded shared library C:\Users\Dell\.vscode\extensions\redhat.java-1.55.0-win32-x64\jre\21.0.11-win32-x86_64\bin\jimage.dll
Event: 2.010 Loaded shared library c:\Users\Dell\.vscode\extensions\redhat.java-1.55.0-win32-x64\jre\21.0.11-win32-x86_64\bin\verify.dll
Event: 16.254 Loaded shared library C:\Users\Dell\AppData\Roaming\Code\User\globalStorage\redhat.java\1.55.0\config_win\org.eclipse.equinox.launcher\org.eclipse.equinox.launcher.win32.win32.x86_64_1.3.100.v20260613-0559\eclipse_11924.dll
Event: 33.086 Loaded shared library C:\Users\Dell\AppData\Local\Temp\jna-2126305\jna7495258697528293083.dll

Deoptimization events (20 events):
Event: 73.062 Thread 0x00000200fdeb3040 Uncommon trap: trap_request=0xffffff45 fr.pc=0x00000200880da9a4 relative=0x00000000000000e4
Event: 73.062 Thread 0x00000200fdeb3040 Uncommon trap: reason=unstable_if action=reinterpret pc=0x00000200880da9a4 method=org.eclipse.jdt.internal.core.PackageFragment.equals(Ljava/lang/Object;)Z @ 49 c2
Event: 73.062 Thread 0x00000200fdeb3040 DEOPT PACKING pc=0x00000200880da9a4 sp=0x0000009c5bffe920
Event: 73.062 Thread 0x00000200fdeb3040 DEOPT UNPACKING pc=0x0000020087586da2 sp=0x0000009c5bffe8c8 mode 2
Event: 73.173 Thread 0x00000200fdeb3040 Uncommon trap: trap_request=0xffffff45 fr.pc=0x000002008829af00 relative=0x0000000000000560
Event: 73.173 Thread 0x00000200fdeb3040 Uncommon trap: reason=unstable_if action=reinterpret pc=0x000002008829af00 method=org.eclipse.jdt.internal.compiler.parser.Scanner.getNextToken0()Lorg/eclipse/jdt/internal/compiler/parser/TerminalToken; @ 331 c2
Event: 73.173 Thread 0x00000200fdeb3040 DEOPT PACKING pc=0x000002008829af00 sp=0x0000009c5bffe760
Event: 73.173 Thread 0x00000200fdeb3040 DEOPT UNPACKING pc=0x0000020087586da2 sp=0x0000009c5bffe690 mode 2
Event: 73.217 Thread 0x00000200fdeb3040 DEOPT PACKING pc=0x0000020081717cfe sp=0x0000009c5bffe730
Event: 73.217 Thread 0x00000200fdeb3040 DEOPT UNPACKING pc=0x00000200875878e2 sp=0x0000009c5bffdc88 mode 0
Event: 73.315 Thread 0x00000200fdeb3040 Uncommon trap: trap_request=0xffffff45 fr.pc=0x0000020087f4f940 relative=0x0000000000000260
Event: 73.315 Thread 0x00000200fdeb3040 Uncommon trap: reason=unstable_if action=reinterpret pc=0x0000020087f4f940 method=java.util.regex.Pattern$Caret.match(Ljava/util/regex/Matcher;ILjava/lang/CharSequence;)Z @ 69 c2
Event: 73.315 Thread 0x00000200fdeb3040 DEOPT PACKING pc=0x0000020087f4f940 sp=0x0000009c5bffd610
Event: 73.315 Thread 0x00000200fdeb3040 DEOPT UNPACKING pc=0x0000020087586da2 sp=0x0000009c5bffd590 mode 2
Event: 73.317 Thread 0x00000200fdeb3040 Uncommon trap: trap_request=0xffffff76 fr.pc=0x00000200882a85c0 relative=0x0000000000001200
Event: 73.317 Thread 0x00000200fdeb3040 Uncommon trap: reason=predicate action=maybe_recompile pc=0x00000200882a85c0 method=lombok.eclipse.Eclipse.nameEquals([[CLjava/lang/String;)Z @ 85 c2
Event: 73.317 Thread 0x00000200fdeb3040 DEOPT PACKING pc=0x00000200882a85c0 sp=0x0000009c5bffd950
Event: 73.317 Thread 0x00000200fdeb3040 DEOPT UNPACKING pc=0x0000020087586da2 sp=0x0000009c5bffd840 mode 2
Event: 73.323 Thread 0x00000200fdeb3040 DEOPT PACKING pc=0x0000020080ca7d16 sp=0x0000009c5bffdf80
Event: 73.324 Thread 0x00000200fdeb3040 DEOPT UNPACKING pc=0x00000200875878e2 sp=0x0000009c5bffd488 mode 0

Classes loaded (20 events):
Event: 58.499 Loading class javax/xml/transform/TransformerConfigurationException
Event: 58.506 Loading class javax/xml/transform/TransformerConfigurationException done
Event: 58.557 Loading class java/util/Hashtable$KeySet
Event: 58.571 Loading class java/util/Hashtable$KeySet done
Event: 63.095 Loading class java/nio/file/Files$2
Event: 63.096 Loading class java/nio/file/Files$2 done
Event: 68.705 Loading class sun/nio/cs/ISO_8859_1$Decoder
Event: 68.710 Loading class sun/nio/cs/ISO_8859_1$Decoder done
Event: 70.007 Loading class java/util/Collections$2
Event: 70.036 Loading class java/util/Collections$2 done
Event: 72.804 Loading class java/util/stream/ReduceOps$5
Event: 72.806 Loading class java/util/stream/ReduceOps$5 done
Event: 72.807 Loading class java/util/stream/ReduceOps$CountingSink$OfRef
Event: 72.807 Loading class java/util/stream/ReduceOps$CountingSink
Event: 72.808 Loading class java/util/stream/ReduceOps$CountingSink done
Event: 72.808 Loading class java/util/stream/ReduceOps$CountingSink$OfRef done
Event: 73.007 Loading class java/util/stream/ReduceOps$1
Event: 73.008 Loading class java/util/stream/ReduceOps$1 done
Event: 73.008 Loading class java/util/stream/ReduceOps$1ReducingSink
Event: 73.009 Loading class java/util/stream/ReduceOps$1ReducingSink done

Classes unloaded (9 events):
Event: 34.884 Thread 0x00000200f75f2ee0 Unloading class 0x00000200901a9400 'java/lang/invoke/LambdaForm$MH+0x00000200901a9400'
Event: 34.884 Thread 0x00000200f75f2ee0 Unloading class 0x00000200901a9000 'java/lang/invoke/LambdaForm$MH+0x00000200901a9000'
Event: 34.884 Thread 0x00000200f75f2ee0 Unloading class 0x00000200901a8c00 'java/lang/invoke/LambdaForm$MH+0x00000200901a8c00'
Event: 34.884 Thread 0x00000200f75f2ee0 Unloading class 0x00000200901a8800 'java/lang/invoke/LambdaForm$MH+0x00000200901a8800'
Event: 34.884 Thread 0x00000200f75f2ee0 Unloading class 0x00000200901a8400 'java/lang/invoke/LambdaForm$BMH+0x00000200901a8400'
Event: 34.884 Thread 0x00000200f75f2ee0 Unloading class 0x00000200901a8000 'java/lang/invoke/LambdaForm$DMH+0x00000200901a8000'
Event: 34.884 Thread 0x00000200f75f2ee0 Unloading class 0x00000200901a6c00 'java/lang/invoke/LambdaForm$DMH+0x00000200901a6c00'
Event: 48.349 Thread 0x00000200f75f2ee0 Unloading class 0x0000020090698c00 'java/lang/invoke/LambdaForm$MH+0x0000020090698c00'
Event: 48.349 Thread 0x00000200f75f2ee0 Unloading class 0x0000020090698800 'java/lang/invoke/LambdaForm$MH+0x0000020090698800'

Classes redefined (0 events):
No events

Internal exceptions (20 events):
Event: 58.738 Thread 0x00000200fdeb3040 Exception <a 'sun/nio/fs/WindowsException'{0x00000000d5df4230}> (0x00000000d5df4230) 
thrown [s\src\hotspot\share\prims\jni.cpp, line 520]
Event: 59.443 Thread 0x00000200fdeb3040 Exception <a 'java/lang/NoSuchMethodError'{0x00000000d5680b00}: 'void java.lang.invoke.DirectMethodHandle$Holder.invokeStatic(java.lang.Object, java.lang.Object, java.lang.Object, int)'> (0x00000000d5680b00) 
thrown [s\src\hotspot\share\interpreter\linkResolver.cpp, line 773]
Event: 59.464 Thread 0x00000200fdeb3040 Exception <a 'java/lang/NoSuchMethodError'{0x00000000d56d09a8}: 'void java.lang.invoke.DirectMethodHandle$Holder.invokeVirtual(java.lang.Object, java.lang.Object, int)'> (0x00000000d56d09a8) 
thrown [s\src\hotspot\share\interpreter\linkResolver.cpp, line 773]
Event: 59.465 Thread 0x00000200fdeb3040 Implicit null exception at 0x0000020087c34877 to 0x0000020087c34ae0
Event: 62.635 Thread 0x00000200d03c97e0 Implicit null exception at 0x000002008803e14a to 0x000002008803e7c4
Event: 62.659 Thread 0x00000200d03c97e0 Implicit null exception at 0x000002008812dd72 to 0x000002008812e5e4
Event: 63.801 Thread 0x00000200fdeb3040 Exception <a 'java/lang/NoSuchMethodError'{0x00000000d595e6c0}: 'void java.lang.invoke.DirectMethodHandle$Holder.invokeInterface(java.lang.Object, java.lang.Object)'> (0x00000000d595e6c0) 
thrown [s\src\hotspot\share\interpreter\linkResolver.cpp, line 773]
Event: 63.841 Thread 0x00000200d03cd2f0 Exception <a 'java/lang/NoSuchMethodError'{0x00000000d5596be8}: 'void java.lang.invoke.DirectMethodHandle$Holder.invokeSpecial(java.lang.Object, java.lang.Object, java.lang.Object, java.lang.Object, java.lang.Object, java.lang.Object, java.lang.Object, java.lang.Object)'> (0x00000000d5596be8) 
thrown [s\src\hotspot\share\interpreter\linkResolver.cpp, line 773]
Event: 70.104 Thread 0x00000200fdeb3040 Exception <a 'sun/nio/fs/WindowsException'{0x00000000d57c9c50}> (0x00000000d57c9c50) 
thrown [s\src\hotspot\share\prims\jni.cpp, line 520]
Event: 70.111 Thread 0x00000200fdeb3040 Exception <a 'sun/nio/fs/WindowsException'{0x00000000d57ca280}> (0x00000000d57ca280) 
thrown [s\src\hotspot\share\prims\jni.cpp, line 520]
Event: 71.633 Thread 0x00000200d03c7080 Exception <a 'sun/nio/fs/WindowsException'{0x00000000d57463c8}> (0x00000000d57463c8) 
thrown [s\src\hotspot\share\prims\jni.cpp, line 520]
Event: 71.635 Thread 0x00000200d03c7080 Exception <a 'sun/nio/fs/WindowsException'{0x00000000d5747998}> (0x00000000d5747998) 
thrown [s\src\hotspot\share\prims\jni.cpp, line 520]
Event: 71.636 Thread 0x00000200d03c7080 Exception <a 'sun/nio/fs/WindowsException'{0x00000000d57486e0}> (0x00000000d57486e0) 
thrown [s\src\hotspot\share\prims\jni.cpp, line 520]
Event: 71.637 Thread 0x00000200d03c7080 Exception <a 'sun/nio/fs/WindowsException'{0x00000000d577dfc8}> (0x00000000d577dfc8) 
thrown [s\src\hotspot\share\prims\jni.cpp, line 520]
Event: 71.639 Thread 0x00000200d03c7080 Exception <a 'sun/nio/fs/WindowsException'{0x00000000d577fa10}> (0x00000000d577fa10) 
thrown [s\src\hotspot\share\prims\jni.cpp, line 520]
Event: 71.640 Thread 0x00000200d03c7080 Exception <a 'sun/nio/fs/WindowsException'{0x00000000d5780560}> (0x00000000d5780560) 
thrown [s\src\hotspot\share\prims\jni.cpp, line 520]
Event: 71.653 Thread 0x00000200d03c7080 Exception <a 'sun/nio/fs/WindowsException'{0x00000000d57a1d40}> (0x00000000d57a1d40) 
thrown [s\src\hotspot\share\prims\jni.cpp, line 520]
Event: 71.653 Thread 0x00000200d03c7080 Exception <a 'sun/nio/fs/WindowsException'{0x00000000d57a2860}> (0x00000000d57a2860) 
thrown [s\src\hotspot\share\prims\jni.cpp, line 520]
Event: 72.817 Thread 0x00000200fdeb3040 Exception <a 'sun/nio/fs/WindowsException'{0x00000000d5827c10}> (0x00000000d5827c10) 
thrown [s\src\hotspot\share\prims\jni.cpp, line 520]
Event: 72.817 Thread 0x00000200fdeb3040 Exception <a 'sun/nio/fs/WindowsException'{0x00000000d5828240}> (0x00000000d5828240) 
thrown [s\src\hotspot\share\prims\jni.cpp, line 520]

ZGC Phase Switch (0 events):
No events

VM Operations (20 events):
Event: 71.167 Executing safepoint VM operation: ParallelGCFailedAllocation (Allocation Failure)
Event: 71.172 Executing safepoint VM operation: ParallelGCFailedAllocation (Allocation Failure) done
Event: 71.706 Executing safepoint VM operation: ParallelGCFailedAllocation (Allocation Failure)
Event: 71.708 Executing safepoint VM operation: ParallelGCFailedAllocation (Allocation Failure) done
Event: 71.770 Executing safepoint VM operation: ParallelGCFailedAllocation (Allocation Failure)
Event: 71.772 Executing safepoint VM operation: ParallelGCFailedAllocation (Allocation Failure) done
Event: 71.877 Executing safepoint VM operation: ParallelGCFailedAllocation (Allocation Failure)
Event: 71.879 Executing safepoint VM operation: ParallelGCFailedAllocation (Allocation Failure) done
Event: 72.358 Executing safepoint VM operation: ParallelGCFailedAllocation (Allocation Failure)
Event: 72.369 Executing safepoint VM operation: ParallelGCFailedAllocation (Allocation Failure) done
Event: 73.310 Executing safepoint VM operation: ParallelGCFailedAllocation (Allocation Failure)
Event: 73.314 Executing safepoint VM operation: ParallelGCFailedAllocation (Allocation Failure) done
Event: 74.316 Executing safepoint VM operation: Cleanup
Event: 74.317 Executing safepoint VM operation: Cleanup done
Event: 97.540 Executing safepoint VM operation: Cleanup
Event: 97.558 Executing safepoint VM operation: Cleanup done
Event: 121.369 Executing non-safepoint VM operation: HandshakeAllThreads (HandshakeForDeflation)
Event: 121.382 Executing non-safepoint VM operation: HandshakeAllThreads (HandshakeForDeflation) done
Event: 121.383 Executing non-safepoint VM operation: RendezvousGCThreads
Event: 121.383 Executing non-safepoint VM operation: RendezvousGCThreads done

Memory protections (0 events):
No events

Nmethod flushes (20 events):
Event: 48.559 Thread 0x00000200f75f2ee0 flushing  nmethod 0x00000200809da190
Event: 48.559 Thread 0x00000200f75f2ee0 flushing  nmethod 0x00000200809dad10
Event: 48.559 Thread 0x00000200f75f2ee0 flushing  nmethod 0x00000200809dbc10
Event: 48.559 Thread 0x00000200f75f2ee0 flushing  nmethod 0x00000200809dc010
Event: 48.559 Thread 0x00000200f75f2ee0 flushing  nmethod 0x00000200809dc510
Event: 48.559 Thread 0x00000200f75f2ee0 flushing  nmethod 0x00000200809dfe90
Event: 48.559 Thread 0x00000200f75f2ee0 flushing  nmethod 0x00000200809e0790
Event: 48.559 Thread 0x00000200f75f2ee0 flushing  nmethod 0x00000200809e5110
Event: 48.559 Thread 0x00000200f75f2ee0 flushing  nmethod 0x00000200809e5890
Event: 48.559 Thread 0x00000200f75f2ee0 flushing  nmethod 0x00000200809eed10
Event: 48.559 Thread 0x00000200f75f2ee0 flushing  nmethod 0x00000200809ef510
Event: 48.559 Thread 0x00000200f75f2ee0 flushing  nmethod 0x00000200809ef910
Event: 48.559 Thread 0x00000200f75f2ee0 flushing  nmethod 0x00000200809efc90
Event: 48.559 Thread 0x00000200f75f2ee0 flushing  nmethod 0x00000200809f0210
Event: 48.559 Thread 0x00000200f75f2ee0 flushing  nmethod 0x00000200809f0610
Event: 48.559 Thread 0x00000200f75f2ee0 flushing  nmethod 0x00000200809f0b90
Event: 48.559 Thread 0x00000200f75f2ee0 flushing  nmethod 0x00000200809f1690
Event: 48.559 Thread 0x00000200f75f2ee0 flushing  nmethod 0x00000200809f3f10
Event: 48.559 Thread 0x00000200f75f2ee0 flushing  nmethod 0x00000200809f7c10
Event: 48.559 Thread 0x00000200f75f2ee0 flushing  nmethod 0x00000200809f9490

Events (20 events):
Event: 58.578 Thread 0x00000200f7629860 Thread added: 0x00000200d11e2e70
Event: 59.772 Thread 0x00000200d11e2e70 Thread exited: 0x00000200d11e2e70
Event: 59.924 Thread 0x00000200ffb32ea0 Thread exited: 0x00000200ffb32ea0
Event: 60.126 Thread 0x00000200f7629860 Thread added: 0x00000200d0efbff0
Event: 63.831 Thread 0x00000200fdeb3040 Thread added: 0x00000200d03ccc60
Event: 63.832 Thread 0x00000200fdeb3040 Thread added: 0x00000200d03cbf40
Event: 63.832 Thread 0x00000200fdeb3040 Thread added: 0x00000200d03cc5d0
Event: 63.832 Thread 0x00000200fdeb3040 Thread added: 0x00000200d03cd2f0
Event: 63.833 Thread 0x00000200fdeb3040 Thread added: 0x00000200fe3a2e80
Event: 67.464 Thread 0x00000200d0efbff0 Thread exited: 0x00000200d0efbff0
Event: 69.434 Thread 0x00000200fe3a2e80 Thread exited: 0x00000200fe3a2e80
Event: 69.434 Thread 0x00000200d03ccc60 Thread exited: 0x00000200d03ccc60
Event: 69.434 Thread 0x00000200d03cc5d0 Thread exited: 0x00000200d03cc5d0
Event: 69.434 Thread 0x00000200d03cbf40 Thread exited: 0x00000200d03cbf40
Event: 69.434 Thread 0x00000200d03cd2f0 Thread exited: 0x00000200d03cd2f0
Event: 120.232 Thread 0x00000200fe56dea0 Thread exited: 0x00000200fe56dea0
Event: 125.942 Thread 0x00000200d03c7da0 Thread exited: 0x00000200d03c7da0
Event: 131.757 Thread 0x00000200fe56d180 Thread exited: 0x00000200fe56d180
Event: 132.811 Thread 0x00000200fdeb36d0 Thread exited: 0x00000200fdeb36d0
Event: 132.874 Thread 0x00000200d03c7080 Thread exited: 0x00000200d03c7080


Dynamic libraries:
0x00007ff77fa90000 - 0x00007ff77fa9e000 	c:\Users\Dell\.vscode\extensions\redhat.java-1.55.0-win32-x64\jre\21.0.11-win32-x86_64\bin\java.exe
0x00007ffa674c0000 - 0x00007ffa67726000 	C:\WINDOWS\SYSTEM32\ntdll.dll
0x00007ffa66360000 - 0x00007ffa66429000 	C:\WINDOWS\System32\KERNEL32.DLL
0x00007ffa64c80000 - 0x00007ffa6507e000 	C:\WINDOWS\System32\KERNELBASE.dll
0x00007ffa61100000 - 0x00007ffa611a0000 	C:\WINDOWS\SYSTEM32\apphelp.dll
0x00007ffa65090000 - 0x00007ffa651dc000 	C:\WINDOWS\System32\ucrtbase.dll
0x00007ffa4ace0000 - 0x00007ffa4acfe000 	c:\Users\Dell\.vscode\extensions\redhat.java-1.55.0-win32-x64\jre\21.0.11-win32-x86_64\bin\VCRUNTIME140.dll
0x00007ffa53f60000 - 0x00007ffa53f78000 	c:\Users\Dell\.vscode\extensions\redhat.java-1.55.0-win32-x64\jre\21.0.11-win32-x86_64\bin\jli.dll
0x00007ffa66430000 - 0x00007ffa665f7000 	C:\WINDOWS\System32\USER32.dll
0x00007ffa502d0000 - 0x00007ffa50562000 	C:\WINDOWS\WinSxS\amd64_microsoft.windows.common-controls_6595b64144ccf1df_6.0.26100.8875_none_3e0d5d42e32fe9dd\COMCTL32.dll
0x00007ffa64b00000 - 0x00007ffa64b27000 	C:\WINDOWS\System32\win32u.dll
0x00007ffa669a0000 - 0x00007ffa66a49000 	C:\WINDOWS\System32\msvcrt.dll
0x00007ffa65450000 - 0x00007ffa6547b000 	C:\WINDOWS\System32\GDI32.dll
0x00007ffa649d0000 - 0x00007ffa64afa000 	C:\WINDOWS\System32\gdi32full.dll
0x00007ffa64860000 - 0x00007ffa64903000 	C:\WINDOWS\System32\msvcp_win.dll
0x00007ffa66c90000 - 0x00007ffa66cc2000 	C:\WINDOWS\System32\IMM32.DLL
0x00007ffa53930000 - 0x00007ffa5393c000 	c:\Users\Dell\.vscode\extensions\redhat.java-1.55.0-win32-x64\jre\21.0.11-win32-x86_64\bin\vcruntime140_1.dll
0x00007ffa30c20000 - 0x00007ffa30cad000 	c:\Users\Dell\.vscode\extensions\redhat.java-1.55.0-win32-x64\jre\21.0.11-win32-x86_64\bin\msvcp140.dll
0x00007ff9d2620000 - 0x00007ff9d33c2000 	c:\Users\Dell\.vscode\extensions\redhat.java-1.55.0-win32-x64\jre\21.0.11-win32-x86_64\bin\server\jvm.dll
0x00007ffa65390000 - 0x00007ffa65447000 	C:\WINDOWS\System32\ADVAPI32.dll
0x00007ffa662b0000 - 0x00007ffa6635a000 	C:\WINDOWS\System32\sechost.dll
0x00007ffa65660000 - 0x00007ffa65778000 	C:\WINDOWS\System32\RPCRT4.dll
0x00007ffa659c0000 - 0x00007ffa65a40000 	C:\WINDOWS\System32\WS2_32.dll
0x00007ffa64560000 - 0x00007ffa645be000 	C:\WINDOWS\SYSTEM32\POWRPROF.dll
0x00007ffa50290000 - 0x00007ffa502c6000 	C:\WINDOWS\SYSTEM32\WINMM.dll
0x00007ffa5adc0000 - 0x00007ffa5adcb000 	C:\WINDOWS\SYSTEM32\VERSION.dll
0x00007ffa64540000 - 0x00007ffa64554000 	C:\WINDOWS\SYSTEM32\UMPDC.dll
0x00007ffa633c0000 - 0x00007ffa633db000 	C:\WINDOWS\SYSTEM32\kernel.appcore.dll
0x00007ffa52110000 - 0x00007ffa5211a000 	c:\Users\Dell\.vscode\extensions\redhat.java-1.55.0-win32-x64\jre\21.0.11-win32-x86_64\bin\jimage.dll
0x00007ffa61bf0000 - 0x00007ffa61e32000 	C:\WINDOWS\SYSTEM32\DBGHELP.DLL
0x00007ffa66610000 - 0x00007ffa66993000 	C:\WINDOWS\System32\combase.dll
0x00007ffa65bf0000 - 0x00007ffa65cc9000 	C:\WINDOWS\System32\OLEAUT32.dll
0x00007ffa4d8d0000 - 0x00007ffa4d90b000 	C:\WINDOWS\SYSTEM32\dbgcore.DLL
0x00007ffa64b30000 - 0x00007ffa64bdc000 	C:\WINDOWS\System32\bcryptPrimitives.dll
0x00007ffa52dc0000 - 0x00007ffa52dcf000 	c:\Users\Dell\.vscode\extensions\redhat.java-1.55.0-win32-x64\jre\21.0.11-win32-x86_64\bin\instrument.dll
0x00007ffa4abd0000 - 0x00007ffa4abf0000 	c:\Users\Dell\.vscode\extensions\redhat.java-1.55.0-win32-x64\jre\21.0.11-win32-x86_64\bin\java.dll
0x00007ffa66cd0000 - 0x00007ffa67462000 	C:\WINDOWS\System32\SHELL32.dll
0x00007ffa621a0000 - 0x00007ffa62a32000 	C:\WINDOWS\SYSTEM32\windows.storage.dll
0x00007ffa66190000 - 0x00007ffa66287000 	C:\WINDOWS\System32\SHCORE.dll
0x00007ffa66a50000 - 0x00007ffa66ab7000 	C:\WINDOWS\System32\shlwapi.dll
0x00007ffa64600000 - 0x00007ffa64629000 	C:\WINDOWS\SYSTEM32\profapi.dll
0x00007ffa471e0000 - 0x00007ffa471f8000 	c:\Users\Dell\.vscode\extensions\redhat.java-1.55.0-win32-x64\jre\21.0.11-win32-x86_64\bin\zip.dll
0x00007ffa536e0000 - 0x00007ffa536f0000 	C:\Users\Dell\.vscode\extensions\redhat.java-1.55.0-win32-x64\jre\21.0.11-win32-x86_64\bin\net.dll
0x00007ffa5a830000 - 0x00007ffa5a957000 	C:\WINDOWS\SYSTEM32\WINHTTP.dll
0x00007ffa63970000 - 0x00007ffa639dc000 	C:\WINDOWS\system32\mswsock.dll
0x00007ffa52e00000 - 0x00007ffa52e16000 	C:\Users\Dell\.vscode\extensions\redhat.java-1.55.0-win32-x64\jre\21.0.11-win32-x86_64\bin\nio.dll
0x00007ffa536d0000 - 0x00007ffa536e0000 	c:\Users\Dell\.vscode\extensions\redhat.java-1.55.0-win32-x64\jre\21.0.11-win32-x86_64\bin\verify.dll
0x00007ffa3f800000 - 0x00007ffa3f845000 	C:\Users\Dell\AppData\Roaming\Code\User\globalStorage\redhat.java\1.55.0\config_win\org.eclipse.equinox.launcher\org.eclipse.equinox.launcher.win32.win32.x86_64_1.3.100.v20260613-0559\eclipse_11924.dll
0x00007ffa651f0000 - 0x00007ffa65389000 	C:\WINDOWS\System32\ole32.dll
0x00007ffa63c70000 - 0x00007ffa63c8b000 	C:\WINDOWS\SYSTEM32\CRYPTSP.dll
0x00007ffa63320000 - 0x00007ffa63359000 	C:\WINDOWS\system32\rsaenh.dll
0x00007ffa63a30000 - 0x00007ffa63a62000 	C:\WINDOWS\SYSTEM32\USERENV.dll
0x00007ffa645d0000 - 0x00007ffa645fa000 	C:\WINDOWS\SYSTEM32\bcrypt.dll
0x00007ffa63c90000 - 0x00007ffa63c9c000 	C:\WINDOWS\SYSTEM32\CRYPTBASE.dll
0x00007ffa62d70000 - 0x00007ffa62da3000 	C:\WINDOWS\SYSTEM32\IPHLPAPI.DLL
0x00007ffa67470000 - 0x00007ffa6747a000 	C:\WINDOWS\System32\NSI.dll
0x00007ffa3ce50000 - 0x00007ffa3ce99000 	C:\Users\Dell\AppData\Local\Temp\jna-2126305\jna7495258697528293083.dll
0x00007ffa66600000 - 0x00007ffa66608000 	C:\WINDOWS\System32\PSAPI.DLL
0x00007ffa5add0000 - 0x00007ffa5aded000 	C:\WINDOWS\SYSTEM32\dhcpcsvc6.DLL
0x00007ffa5ad90000 - 0x00007ffa5adb5000 	C:\WINDOWS\SYSTEM32\dhcpcsvc.DLL

JVMTI agents:
c:\Users\Dell\.vscode\extensions\redhat.java-1.55.0-win32-x64\lombok\lombok-1.18.39-4050.jar path:c:\Users\Dell\.vscode\extensions\redhat.java-1.55.0-win32-x64\jre\21.0.11-win32-x86_64\bin\instrument.dll, loaded, initialized, instrumentlib options:none

dbghelp: loaded successfully - version: 4.0.5 - missing functions: none
symbol engine: initialized successfully - sym options: 0x614 - pdb path: .;c:\Users\Dell\.vscode\extensions\redhat.java-1.55.0-win32-x64\jre\21.0.11-win32-x86_64\bin;C:\WINDOWS\SYSTEM32;C:\WINDOWS\WinSxS\amd64_microsoft.windows.common-controls_6595b64144ccf1df_6.0.26100.8875_none_3e0d5d42e32fe9dd;c:\Users\Dell\.vscode\extensions\redhat.java-1.55.0-win32-x64\jre\21.0.11-win32-x86_64\bin\server;C:\Users\Dell\AppData\Roaming\Code\User\globalStorage\redhat.java\1.55.0\config_win\org.eclipse.equinox.launcher\org.eclipse.equinox.launcher.win32.win32.x86_64_1.3.100.v20260613-0559;C:\Users\Dell\AppData\Local\Temp\jna-2126305

VM Arguments:
jvm_args: --add-modules=ALL-SYSTEM --add-opens=java.base/java.util=ALL-UNNAMED --add-opens=java.base/java.lang=ALL-UNNAMED --add-opens=java.base/sun.nio.fs=ALL-UNNAMED -Declipse.application=org.eclipse.jdt.ls.core.id1 -Dosgi.bundles.defaultStartLevel=4 -Declipse.product=org.eclipse.jdt.ls.core.product -Djava.import.generatesMetadataFilesAtProjectRoot=false -DDetectVMInstallationsJob.disabled=true -Dfile.encoding=utf8 -XX:+UseParallelGC -XX:GCTimeRatio=4 -XX:AdaptiveSizePolicyWeight=90 -Dsun.zip.disableMemoryMapping=true -Xmx2G -Xms100m -Xlog:disable -javaagent:c:\Users\Dell\.vscode\extensions\redhat.java-1.55.0-win32-x64\lombok\lombok-1.18.39-4050.jar -XX:+HeapDumpOnOutOfMemoryError -XX:HeapDumpPath=c:\Users\Dell\AppData\Roaming\Code\User\workspaceStorage\4d1858ec969a40d187841ddc02feab80\redhat.java -Daether.dependencyCollector.impl=bf 
java_command: c:\Users\Dell\.vscode\extensions\redhat.java-1.55.0-win32-x64\server\plugins\org.eclipse.equinox.launcher_1.7.200.v20260619-2039.jar -configuration c:\Users\Dell\AppData\Roaming\Code\User\globalStorage\redhat.java\1.55.0\config_win -data c:\Users\Dell\AppData\Roaming\Code\User\workspaceStorage\4d1858ec969a40d187841ddc02feab80\redhat.java\jdt_ws --pipe=\\.\pipe\lsp-07ff2c8dcb8f76528eb5801be3bd5847-sock
java_class_path (initial): c:\Users\Dell\.vscode\extensions\redhat.java-1.55.0-win32-x64\server\plugins\org.eclipse.equinox.launcher_1.7.200.v20260619-2039.jar
Launcher Type: SUN_STANDARD

[Global flags]
    uintx AdaptiveSizePolicyWeight                 = 90                                        {product} {command line}
     intx CICompilerCount                          = 4                                         {product} {ergonomic}
    uintx GCTimeRatio                              = 4                                         {product} {command line}
     bool HeapDumpOnOutOfMemoryError               = true                                   {manageable} {command line}
    ccstr HeapDumpPath                             = c:\Users\Dell\AppData\Roaming\Code\User\workspaceStorage\4d1858ec969a40d187841ddc02feab80\redhat.java         {manageable} {command line}
   size_t InitialHeapSize                          = 104857600                                 {product} {command line}
   size_t MaxHeapSize                              = 2147483648                                {product} {command line}
   size_t MaxNewSize                               = 715653120                                 {product} {ergonomic}
   size_t MinHeapDeltaBytes                        = 524288                                    {product} {ergonomic}
   size_t MinHeapSize                              = 104857600                                 {product} {command line}
   size_t NewSize                                  = 34603008                                  {product} {ergonomic}
    uintx NonNMethodCodeHeapSize                   = 5839372                                {pd product} {ergonomic}
    uintx NonProfiledCodeHeapSize                  = 122909434                              {pd product} {ergonomic}
   size_t OldSize                                  = 70254592                                  {product} {ergonomic}
    uintx ProfiledCodeHeapSize                     = 122909434                              {pd product} {ergonomic}
    uintx ReservedCodeCacheSize                    = 251658240                              {pd product} {ergonomic}
     bool SegmentedCodeCache                       = true                                      {product} {ergonomic}
   size_t SoftMaxHeapSize                          = 2147483648                             {manageable} {ergonomic}
     bool UseCompressedOops                        = true                           {product lp64_product} {ergonomic}
     bool UseLargePagesIndividualAllocation        = false                                  {pd product} {ergonomic}
     bool UseParallelGC                            = true                                      {product} {command line}

Logging:
Log output configuration:
 #0: stdout all=off uptime,level,tags foldmultilines=false
 #1: stderr all=off uptime,level,tags foldmultilines=false

Release file:
JAVA_VERSION="21.0.11" 
MODULES="java.base java.compiler java.datatransfer java.xml java.prefs java.desktop java.instrument java.logging java.management java.security.sasl java.naming java.rmi java.management.rmi java.net.http java.scripting java.security.jgss java.transaction.xa java.sql java.sql.rowset java.xml.crypto java.se java.smartcardio jdk.accessibility jdk.internal.jvmstat jdk.attach jdk.charsets jdk.internal.opt jdk.zipfs jdk.compiler jdk.crypto.ec jdk.crypto.cryptoki jdk.crypto.mscapi jdk.dynalink jdk.internal.ed jdk.editpad jdk.hotspot.agent jdk.httpserver jdk.internal.le jdk.internal.vm.ci jdk.internal.vm.compiler jdk.internal.vm.compiler.management jdk.jartool jdk.javadoc jdk.jcmd jdk.management jdk.management.agent jdk.jconsole jdk.jdeps jdk.jdwp.agent jdk.jdi jdk.jfr jdk.jshell jdk.jsobject jdk.jstatd jdk.localedata jdk.management.jfr jdk.naming.dns jdk.naming.rmi jdk.net jdk.nio.mapmode jdk.random jdk.sctp jdk.security.auth jdk.security.jgss jdk.unsupported jdk.unsupported.desktop jdk.xml.dom" 

Environment Variables:
PATH=C:\Program Files\Common Files\Oracle\Java\javapath;C:\WINDOWS\system32;C:\WINDOWS;C:\WINDOWS\System32\Wbem;C:\WINDOWS\System32\WindowsPowerShell\v1.0\;C:\WINDOWS\System32\OpenSSH\;C:\Program Files\dotnet\;C:\MinGW\bin;C:\Program Files\Java\jdk-21\bin;C:\Program Files\nodejs\;C:\Program Files\Git\cmd;C:\Program Files\MySQL\MySQL Server 8.0\bin;C:\Program Files\MySQL\MySQL Shell 8.0\bin\;C:\Users\Dell\AppData\Local\Microsoft\WindowsApps;C:\Users\Dell\AppData\Local\Programs\Microsoft VS Code\bin;C:\MinGW\bin;C:\Users\Dell\AppData\Roaming\npm;C:\Users\Dell\AppData\Local\Programs\Warp\bin;
USERNAME=Dell
OS=Windows_NT
PROCESSOR_IDENTIFIER=Intel64 Family 6 Model 126 Stepping 5, GenuineIntel
TMP=C:\Users\Dell\AppData\Local\Temp
TEMP=C:\Users\Dell\AppData\Local\Temp




Periodic native trim disabled

---------------  S Y S T E M  ---------------

OS:
 Windows 11 , 64 bit Build 26100 (10.0.26100.8875)
OS uptime: 0 days 7:31 hours
Hyper-V role detected

CPU: total 8 (initial active 8) (4 cores per cpu, 2 threads per core) family 6 model 126 stepping 5 microcode 0xc2, cx8, cmov, fxsr, ht, mmx, 3dnowpref, sse, sse2, sse3, ssse3, sse4.1, sse4.2, popcnt, lzcnt, tsc, tscinvbit, avx, avx2, aes, erms, clmul, bmi1, bmi2, adx, avx512f, avx512dq, avx512cd, avx512bw, avx512vl, sha, fma, vzeroupper, avx512_vpopcntdq, avx512_vpclmulqdq, avx512_vaes, avx512_vnni, clflush, clflushopt, avx512_vbmi2, avx512_vbmi, hv, rdtscp, rdpid, fsrm, gfni, avx512_bitalg, f16c, avx512_ifma
Processor Information for the first 8 processors :
  Max Mhz: 1190, Current Mhz: 991, Mhz Limit: 987

Memory: 4k page, system-wide physical 3863M (814M free)
TotalPageFile size 15639M (AvailPageFile size 9M)
current process WorkingSet (physical memory assigned to process): 8M, peak: 280M
current process commit charge ("private bytes"): 401M, peak: 435M

vm_info: OpenJDK 64-Bit Server VM (21.0.11+10-LTS) for windows-amd64 JRE (21.0.11+10-LTS), built on 2026-04-21T00:00:00Z by "admin" with MS VC++ 17.12 (VS2022)

END.
