#
# There is insufficient memory for the Java Runtime Environment to continue.
# Native memory allocation (malloc) failed to allocate 1048576 bytes. Error detail: AllocateHeap
# Possible reasons:
#   The system is out of physical RAM or swap space
#   This process is running with CompressedOops enabled, and the Java Heap may be blocking the growth of the native heap
# Possible solutions:
#   Reduce memory load on the system
#   Increase physical memory or swap space
#   Check if swap backing store is full
#   Decrease Java heap size (-Xmx/-Xms)
#   Decrease number of Java threads
#   Decrease Java thread stack sizes (-Xss)
#   Set larger code cache with -XX:ReservedCodeCacheSize=
#   JVM is running with Unscaled Compressed Oops mode in which the Java heap is
#     placed in the first 4GB address space. The Java Heap base address is the
#     maximum limit for the native heap growth. Please use -XX:HeapBaseMinAddress
#     to set the Java Heap base and to place the Java Heap above 4GB virtual address.
# This output file may be truncated or incomplete.
#
#  Out of Memory Error (allocation.cpp:44), pid=14668, tid=16668
#
# JRE version: OpenJDK Runtime Environment Temurin-21.0.11+10 (21.0.11+10) (build 21.0.11+10-LTS)
# Java VM: OpenJDK 64-Bit Server VM Temurin-21.0.11+10 (21.0.11+10-LTS, mixed mode, sharing, tiered, compressed oops, compressed class ptrs, parallel gc, windows-amd64)
# No core dump will be written. Minidumps are not enabled by default on client versions of Windows
#

---------------  S U M M A R Y ------------

Command Line: --add-modules=ALL-SYSTEM --add-opens=java.base/java.util=ALL-UNNAMED --add-opens=java.base/java.lang=ALL-UNNAMED --add-opens=java.base/sun.nio.fs=ALL-UNNAMED -Declipse.application=org.eclipse.jdt.ls.core.id1 -Dosgi.bundles.defaultStartLevel=4 -Declipse.product=org.eclipse.jdt.ls.core.product -Djava.import.generatesMetadataFilesAtProjectRoot=false -DDetectVMInstallationsJob.disabled=true -Dfile.encoding=utf8 -XX:+UseParallelGC -XX:GCTimeRatio=4 -XX:AdaptiveSizePolicyWeight=90 -Dsun.zip.disableMemoryMapping=true -Xmx2G -Xms100m -Xlog:disable -javaagent:c:\Users\Dell\.vscode\extensions\redhat.java-1.55.0-win32-x64\lombok\lombok-1.18.39-4050.jar -XX:+HeapDumpOnOutOfMemoryError -XX:HeapDumpPath=c:\Users\Dell\AppData\Roaming\Code\User\workspaceStorage\4d1858ec969a40d187841ddc02feab80\redhat.java -Daether.dependencyCollector.impl=bf c:\Users\Dell\.vscode\extensions\redhat.java-1.55.0-win32-x64\server\plugins\org.eclipse.equinox.launcher_1.7.200.v20260619-2039.jar -configuration c:\Users\Dell\AppData\Roaming\Code\User\globalStorage\redhat.java\1.55.0\config_win -data c:\Users\Dell\AppData\Roaming\Code\User\workspaceStorage\4d1858ec969a40d187841ddc02feab80\redhat.java\jdt_ws --pipe=\\.\pipe\lsp-14e2d2ec39cced0a15f851b84bc68e67-sock

Host: Intel(R) Core(TM) i5-1035G1 CPU @ 1.00GHz, 8 cores, 3G,  Windows 11 , 64 bit Build 26100 (10.0.26100.8875)
Time: Sun Jul 19 17:21:24 2026 India Standard Time elapsed time: 3679.743052 seconds (0d 1h 1m 19s)

---------------  T H R E A D  ---------------

Current thread (0x0000027cdc803840):  JavaThread "Attach Listener" daemon [_thread_in_vm, id=16668, stack(0x00000087bd000000,0x00000087bd100000) (1024K)]

Stack: [0x00000087bd000000,0x00000087bd100000]
Native frames: (J=compiled Java code, j=interpreted, Vv=VM code, C=native code)
V  [jvm.dll+0x6d7e19]
V  [jvm.dll+0x8b5096]
V  [jvm.dll+0x8b764e]
V  [jvm.dll+0x8b7d33]
V  [jvm.dll+0x284596]
V  [jvm.dll+0xc13c7]
V  [jvm.dll+0x6d86c9]
V  [jvm.dll+0x133616]
V  [jvm.dll+0x3f868e]
V  [jvm.dll+0x85fb0d]
V  [jvm.dll+0x6d664d]
C  [ucrtbase.dll+0x2cd30]
C  [KERNEL32.DLL+0x2e957]
C  [ntdll.dll+0xaad6c]


---------------  P R O C E S S  ---------------

Threads class SMR info:
_java_thread_list=0x0000027ce4ec3af0, length=34, elements={
0x0000027cc5d8d0b0, 0x0000027cdc7fcc70, 0x0000027cdc802070, 0x0000027cdc8050b0,
0x0000027cdc803840, 0x0000027cdc80a720, 0x0000027cdc80c490, 0x0000027cdc812770,
0x0000027cdc81c600, 0x0000027cde2c4940, 0x0000027cde3ee460, 0x0000027cde8fe1e0,
0x0000027cdec60900, 0x0000027cdec73490, 0x0000027cdec74760, 0x0000027ce3193cf0,
0x0000027ce3848e40, 0x0000027ce355fb90, 0x0000027ce355bc70, 0x0000027ce355d020,
0x0000027ce355e3d0, 0x0000027ce355c990, 0x0000027ce355d6b0, 0x0000027ce355dd40,
0x0000027ce355b5e0, 0x0000027ce52beb60, 0x0000027ce52bf880, 0x0000027ce52bff10,
0x0000027ce52c1950, 0x0000027ce52c05a0, 0x0000027ce52c0c30, 0x0000027ce52c1fe0,
0x0000027ce52c2670, 0x0000027ce52bf1f0
}

Java Threads: ( => current thread )
  0x0000027cc5d8d0b0 JavaThread "main"                              [_thread_blocked, id=16172, stack(0x00000087bc900000,0x00000087bca00000) (1024K)]
  0x0000027cdc7fcc70 JavaThread "Reference Handler"          daemon [_thread_blocked, id=16388, stack(0x00000087bcd00000,0x00000087bce00000) (1024K)]
  0x0000027cdc802070 JavaThread "Finalizer"                  daemon [_thread_blocked, id=13988, stack(0x00000087bce00000,0x00000087bcf00000) (1024K)]
  0x0000027cdc8050b0 JavaThread "Signal Dispatcher"          daemon [_thread_blocked, id=16572, stack(0x00000087bcf00000,0x00000087bd000000) (1024K)]
=>0x0000027cdc803840 JavaThread "Attach Listener"            daemon [_thread_in_vm, id=16668, stack(0x00000087bd000000,0x00000087bd100000) (1024K)]
  0x0000027cdc80a720 JavaThread "Service Thread"             daemon [_thread_blocked, id=1636, stack(0x00000087bd100000,0x00000087bd200000) (1024K)]
  0x0000027cdc80c490 JavaThread "Monitor Deflation Thread"   daemon [_thread_blocked, id=340, stack(0x00000087bd200000,0x00000087bd300000) (1024K)]
  0x0000027cdc812770 JavaThread "C2 CompilerThread0"         daemon [_thread_blocked, id=13000, stack(0x00000087bd300000,0x00000087bd400000) (1024K)]
  0x0000027cdc81c600 JavaThread "C1 CompilerThread0"         daemon [_thread_blocked, id=14468, stack(0x00000087bd400000,0x00000087bd500000) (1024K)]
  0x0000027cde2c4940 JavaThread "Common-Cleaner"             daemon [_thread_blocked, id=19432, stack(0x00000087bd500000,0x00000087bd600000) (1024K)]
  0x0000027cde3ee460 JavaThread "Notification Thread"        daemon [_thread_blocked, id=18468, stack(0x00000087bd600000,0x00000087bd700000) (1024K)]
  0x0000027cde8fe1e0 JavaThread "Active Thread: Equinox Container: 4f649f6d-854a-4d54-8831-48dd6efdac0d"        [_thread_blocked, id=15008, stack(0x00000087bdd00000,0x00000087bde00000) (1024K)]
  0x0000027cdec60900 JavaThread "Refresh Thread: Equinox Container: 4f649f6d-854a-4d54-8831-48dd6efdac0d" daemon [_thread_blocked, id=14680, stack(0x00000087bdf00000,0x00000087be000000) (1024K)]
  0x0000027cdec73490 JavaThread "Framework Event Dispatcher: Equinox Container: 4f649f6d-854a-4d54-8831-48dd6efdac0d" daemon [_thread_blocked, id=17348, stack(0x00000087be000000,0x00000087be100000) (1024K)]
  0x0000027cdec74760 JavaThread "Start Level: Equinox Container: 4f649f6d-854a-4d54-8831-48dd6efdac0d" daemon [_thread_blocked, id=1684, stack(0x00000087be100000,0x00000087be200000) (1024K)]
  0x0000027ce3193cf0 JavaThread "Bundle File Closer"         daemon [_thread_blocked, id=18708, stack(0x00000087be200000,0x00000087be300000) (1024K)]
  0x0000027ce3848e40 JavaThread "SCR Component Actor"        daemon [_thread_blocked, id=4528, stack(0x00000087be300000,0x00000087be400000) (1024K)]
  0x0000027ce355fb90 JavaThread "Worker-JM"                         [_thread_blocked, id=12184, stack(0x00000087be400000,0x00000087be500000) (1024K)]
  0x0000027ce355bc70 JavaThread "JNA Cleaner"                daemon [_thread_blocked, id=16436, stack(0x00000087be500000,0x00000087be600000) (1024K)]
  0x0000027ce355d020 JavaThread "Worker-0"                          [_thread_blocked, id=11576, stack(0x00000087be600000,0x00000087be700000) (1024K)]
  0x0000027ce355e3d0 JavaThread "Java indexing"              daemon [_thread_blocked, id=7524, stack(0x00000087be800000,0x00000087be900000) (1024K)]
  0x0000027ce355c990 JavaThread "Worker-2"                          [_thread_blocked, id=11488, stack(0x00000087beb00000,0x00000087bec00000) (1024K)]
  0x0000027ce355d6b0 JavaThread "Thread-1"                   daemon [_thread_in_native, id=13456, stack(0x00000087bed00000,0x00000087bee00000) (1024K)]
  0x0000027ce355dd40 JavaThread "Thread-2"                   daemon [_thread_in_native, id=17752, stack(0x00000087bee00000,0x00000087bef00000) (1024K)]
  0x0000027ce355b5e0 JavaThread "Thread-3"                   daemon [_thread_in_native, id=10620, stack(0x00000087bef00000,0x00000087bf000000) (1024K)]
  0x0000027ce52beb60 JavaThread "Thread-4"                   daemon [_thread_in_native, id=19392, stack(0x00000087bf000000,0x00000087bf100000) (1024K)]
  0x0000027ce52bf880 JavaThread "Thread-5"                   daemon [_thread_in_native, id=2364, stack(0x00000087bf100000,0x00000087bf200000) (1024K)]
  0x0000027ce52bff10 JavaThread "Thread-6"                   daemon [_thread_in_native, id=4936, stack(0x00000087bf200000,0x00000087bf300000) (1024K)]
  0x0000027ce52c1950 JavaThread "Thread-7"                   daemon [_thread_in_native, id=8592, stack(0x00000087bf300000,0x00000087bf400000) (1024K)]
  0x0000027ce52c05a0 JavaThread "Thread-8"                   daemon [_thread_in_native, id=6644, stack(0x00000087bf400000,0x00000087bf500000) (1024K)]
  0x0000027ce52c0c30 JavaThread "Thread-9"                   daemon [_thread_in_native, id=18816, stack(0x00000087bf500000,0x00000087bf600000) (1024K)]
  0x0000027ce52c1fe0 JavaThread "pool-2-thread-1"                   [_thread_blocked, id=18964, stack(0x00000087bf600000,0x00000087bf700000) (1024K)]
  0x0000027ce52c2670 JavaThread "WorkspaceEventsHandler"            [_thread_blocked, id=15292, stack(0x00000087bf700000,0x00000087bf800000) (1024K)]
  0x0000027ce52bf1f0 JavaThread "pool-1-thread-1"                   [_thread_blocked, id=19356, stack(0x00000087bf800000,0x00000087bf900000) (1024K)]
Total: 34

Other Threads:
  0x0000027cdc7e1d20 VMThread "VM Thread"                           [id=11028, stack(0x00000087bcc00000,0x00000087bcd00000) (1024K)]
  0x0000027cc5dfb680 WatcherThread "VM Periodic Task Thread"        [id=16160, stack(0x00000087bcb00000,0x00000087bcc00000) (1024K)]
  0x0000027cc5dab720 WorkerThread "GC Thread#0"                     [id=8032, stack(0x00000087bca00000,0x00000087bcb00000) (1024K)]
  0x0000027cdea03270 WorkerThread "GC Thread#1"                     [id=14380, stack(0x00000087bd700000,0x00000087bd800000) (1024K)]
  0x0000027cdea03620 WorkerThread "GC Thread#2"                     [id=19352, stack(0x00000087bd800000,0x00000087bd900000) (1024K)]
  0x0000027cde4e60b0 WorkerThread "GC Thread#3"                     [id=7012, stack(0x00000087bd900000,0x00000087bda00000) (1024K)]
  0x0000027cde4e6fd0 WorkerThread "GC Thread#4"                     [id=13708, stack(0x00000087bda00000,0x00000087bdb00000) (1024K)]
  0x0000027cde647b40 WorkerThread "GC Thread#5"                     [id=10576, stack(0x00000087bdb00000,0x00000087bdc00000) (1024K)]
  0x0000027cde647ef0 WorkerThread "GC Thread#6"                     [id=9320, stack(0x00000087bdc00000,0x00000087bdd00000) (1024K)]
  0x0000027cdec15de0 WorkerThread "GC Thread#7"                     [id=9420, stack(0x00000087bde00000,0x00000087bdf00000) (1024K)]
Total: 10

Threads with active compile tasks:
Total: 0

VM state: not at safepoint (normal execution)

VM Mutex/Monitor currently owned by a thread: None

Heap address: 0x0000000080000000, size: 2048 MB, Compressed Oops mode: 32-bit

CDS archive(s) mapped at: [0x0000027c80000000-0x0000027c80ba0000-0x0000027c80ba0000), size 12189696, SharedBaseAddress: 0x0000027c80000000, ArchiveRelocationMode: 1.
Compressed class space mapped at: 0x0000027c81000000-0x0000027cc1000000, reserved size: 1073741824
Narrow klass base: 0x0000027c80000000, Narrow klass shift: 0, Narrow klass range: 0x100000000

GC Precious Log:
 CardTable entry size: 512
 CPUs: 8 total, 8 available
 Memory: 3863M
 Large Page Support: Disabled
 NUMA Support: Disabled
 Compressed Oops: Enabled (32-bit)
 Alignments: Space 512K, Generation 512K, Heap 2M
 Heap Min Capacity: 100M
 Heap Initial Capacity: 100M
 Heap Max Capacity: 2G
 Pre-touch: Disabled
 Parallel Workers: 8

Heap:
 PSYoungGen      total 19456K, used 15538K [0x00000000d5580000, 0x00000000d6b80000, 0x0000000100000000)
  eden space 18432K, 84% used [0x00000000d5580000,0x00000000d64ac908,0x00000000d6780000)
  from space 1024K, 0% used [0x00000000d6a00000,0x00000000d6a00000,0x00000000d6b00000)
  to   space 2048K, 0% used [0x00000000d6780000,0x00000000d6780000,0x00000000d6980000)
 ParOldGen       total 85504K, used 66205K [0x0000000080000000, 0x0000000085380000, 0x00000000d5580000)
  object space 85504K, 77% used [0x0000000080000000,0x00000000840a7640,0x0000000085380000)
 Metaspace       used 59214K, committed 60608K, reserved 1114112K
  class space    used 6341K, committed 6976K, reserved 1048576K

Card table byte_map: [0x0000027cc5740000,0x0000027cc5b50000] _byte_map_base: 0x0000027cc5340000

Marking Bits: (ParMarkBitMap*) 0x00007ffba8134460
 Begin Bits: [0x0000027cd8240000, 0x0000027cda240000)
 End Bits:   [0x0000027cda240000, 0x0000027cdc240000)

Polling page: 0x0000027cc3c20000

Metaspace:

Usage:
  Non-class:     51.63 MB used.
      Class:      6.19 MB used.
       Both:     57.83 MB used.

Virtual space:
  Non-class space:       64.00 MB reserved,      52.38 MB ( 82%) committed,  1 nodes.
      Class space:        1.00 GB reserved,       6.81 MB ( <1%) committed,  1 nodes.
             Both:        1.06 GB reserved,      59.19 MB (  5%) committed. 

Chunk freelists:
   Non-Class:  11.12 MB
       Class:  9.14 MB
        Both:  20.27 MB

MaxMetaspaceSize: unlimited
CompressedClassSpaceSize: 1.00 GB
Initial GC threshold: 21.00 MB
Current GC threshold: 97.31 MB
CDS: on
 - commit_granule_bytes: 65536.
 - commit_granule_words: 8192.
 - virtual_space_node_default_size: 8388608.
 - enlarge_chunks_in_place: 1.
 - use_allocation_guard: 0.


Internal statistics:

num_allocs_failed_limit: 11.
num_arena_births: 1112.
num_arena_deaths: 22.
num_vsnodes_births: 2.
num_vsnodes_deaths: 0.
num_space_committed: 947.
num_space_uncommitted: 0.
num_chunks_returned_to_freelist: 37.
num_chunks_taken_from_freelist: 3810.
num_chunk_merges: 19.
num_chunk_splits: 2386.
num_chunks_enlarged: 1401.
num_inconsistent_stats: 0.

CodeHeap 'non-profiled nmethods': size=120000Kb used=5216Kb max_used=5216Kb free=114784Kb
 bounds [0x0000027cd0a60000, 0x0000027cd0f80000, 0x0000027cd7f90000]
CodeHeap 'profiled nmethods': size=120000Kb used=20898Kb max_used=20898Kb free=99101Kb
 bounds [0x0000027cc8f90000, 0x0000027cca400000, 0x0000027cd04c0000]
CodeHeap 'non-nmethods': size=5760Kb used=1417Kb max_used=1454Kb free=4342Kb
 bounds [0x0000027cd04c0000, 0x0000027cd0730000, 0x0000027cd0a60000]
CodeCache: size=245760Kb, used=27531Kb, max_used=27568Kb, free=218227Kb
 total_blobs=10915, nmethods=10200, adapters=621, full_count=0
Compilation: enabled, stopped_count=0, restarted_count=0

Compilation events (20 events):
Event: 2794.018 Thread 0x0000027cdc81c600 10898   !   3       java.util.concurrent.FutureTask::runAndReset (125 bytes)
Event: 2794.089 Thread 0x0000027cdc81c600 nmethod 10898 0x0000027cca3f2890 code [0x0000027cca3f2d00, 0x0000027cca3f51b0]
Event: 3009.742 Thread 0x0000027cdc81c600 10901       1       org.eclipse.core.internal.jobs.InternalJob::setNext (6 bytes)
Event: 3009.762 Thread 0x0000027cdc81c600 nmethod 10901 0x0000027cd0f77410 code [0x0000027cd0f775a0, 0x0000027cd0f77680]
Event: 3009.762 Thread 0x0000027cdc81c600 10902       1       org.eclipse.core.internal.jobs.InternalJob::setPrevious (6 bytes)
Event: 3009.763 Thread 0x0000027cdc81c600 nmethod 10902 0x0000027cd0f77710 code [0x0000027cd0f778a0, 0x0000027cd0f77980]
Event: 3074.233 Thread 0x0000027cdc81c600 10903   !   3       java.util.logging.LogManager::ensureLogManagerInitialized (144 bytes)
Event: 3074.283 Thread 0x0000027cdc81c600 nmethod 10903 0x0000027cca3f5d10 code [0x0000027cca3f6020, 0x0000027cca3f7140]
Event: 3249.941 Thread 0x0000027cdc812770 10904       4       java.lang.Math::min (12 bytes)
Event: 3249.952 Thread 0x0000027cdc812770 nmethod 10904 0x0000027cd0f77a10 code [0x0000027cd0f77b80, 0x0000027cd0f77bf8]
Event: 3516.848 Thread 0x0000027cdc81c600 10905       1       org.eclipse.osgi.internal.location.BasicLocation::isReadOnly (5 bytes)
Event: 3516.856 Thread 0x0000027cdc81c600 nmethod 10905 0x0000027cd0f77d10 code [0x0000027cd0f77ea0, 0x0000027cd0f77f70]
Event: 3574.851 Thread 0x0000027cdc81c600 10906       3       java.util.Optional::get (22 bytes)
Event: 3574.866 Thread 0x0000027cdc81c600 nmethod 10906 0x0000027cca3f7710 code [0x0000027cca3f78c0, 0x0000027cca3f7ae0]
Event: 3634.934 Thread 0x0000027cdc81c600 10907       3       java.lang.ProcessHandleImpl::<init> (15 bytes)
Event: 3635.102 Thread 0x0000027cdc81c600 nmethod 10907 0x0000027cca3f7c10 code [0x0000027cca3f7dc0, 0x0000027cca3f7f30]
Event: 3645.003 Thread 0x0000027cdc81c600 10908       3       java.lang.ProcessHandleImpl::get (51 bytes)
Event: 3645.701 Thread 0x0000027cdc81c600 nmethod 10908 0x0000027cca3f8010 code [0x0000027cca3f8220, 0x0000027cca3f8828]
Event: 3665.251 Thread 0x0000027cdc81c600 10909       3       java.lang.ProcessHandle::of (5 bytes)
Event: 3665.416 Thread 0x0000027cdc81c600 nmethod 10909 0x0000027cca3f8a90 code [0x0000027cca3f8c40, 0x0000027cca3f8d58]

GC Heap History (20 events):
Event: 734.834 GC heap before
{Heap before GC invocations=62 (full 2):
 PSYoungGen      total 18944K, used 18944K [0x00000000d5580000, 0x00000000d6980000, 0x0000000100000000)
  eden space 18432K, 100% used [0x00000000d5580000,0x00000000d6780000,0x00000000d6780000)
  from space 512K, 100% used [0x00000000d6800000,0x00000000d6880000,0x00000000d6880000)
  to   space 1024K, 0% used [0x00000000d6880000,0x00000000d6880000,0x00000000d6980000)
 ParOldGen       total 79360K, used 79264K [0x0000000080000000, 0x0000000084d80000, 0x00000000d5580000)
  object space 79360K, 99% used [0x0000000080000000,0x0000000084d68068,0x0000000084d80000)
 Metaspace       used 54258K, committed 55680K, reserved 1114112K
  class space    used 5776K, committed 6400K, reserved 1048576K
}
Event: 734.837 GC heap after
{Heap after GC invocations=62 (full 2):
 PSYoungGen      total 19456K, used 416K [0x00000000d5580000, 0x00000000d6980000, 0x0000000100000000)
  eden space 18432K, 0% used [0x00000000d5580000,0x00000000d5580000,0x00000000d6780000)
  from space 1024K, 40% used [0x00000000d6880000,0x00000000d68e8000,0x00000000d6980000)
  to   space 1024K, 0% used [0x00000000d6780000,0x00000000d6780000,0x00000000d6880000)
 ParOldGen       total 79872K, used 79704K [0x0000000080000000, 0x0000000084e00000, 0x00000000d5580000)
  object space 79872K, 99% used [0x0000000080000000,0x0000000084dd6068,0x0000000084e00000)
 Metaspace       used 54258K, committed 55680K, reserved 1114112K
  class space    used 5776K, committed 6400K, reserved 1048576K
}
Event: 734.983 GC heap before
{Heap before GC invocations=63 (full 2):
 PSYoungGen      total 19456K, used 18848K [0x00000000d5580000, 0x00000000d6980000, 0x0000000100000000)
  eden space 18432K, 100% used [0x00000000d5580000,0x00000000d6780000,0x00000000d6780000)
  from space 1024K, 40% used [0x00000000d6880000,0x00000000d68e8000,0x00000000d6980000)
  to   space 1024K, 0% used [0x00000000d6780000,0x00000000d6780000,0x00000000d6880000)
 ParOldGen       total 79872K, used 79704K [0x0000000080000000, 0x0000000084e00000, 0x00000000d5580000)
  object space 79872K, 99% used [0x0000000080000000,0x0000000084dd6068,0x0000000084e00000)
 Metaspace       used 54259K, committed 55680K, reserved 1114112K
  class space    used 5776K, committed 6400K, reserved 1048576K
}
Event: 734.986 GC heap after
{Heap after GC invocations=63 (full 2):
 PSYoungGen      total 19456K, used 1008K [0x00000000d5580000, 0x00000000d6b80000, 0x0000000100000000)
  eden space 18432K, 0% used [0x00000000d5580000,0x00000000d5580000,0x00000000d6780000)
  from space 1024K, 98% used [0x00000000d6780000,0x00000000d687c000,0x00000000d6880000)
  to   space 2048K, 0% used [0x00000000d6980000,0x00000000d6980000,0x00000000d6b80000)
 ParOldGen       total 80384K, used 80264K [0x0000000080000000, 0x0000000084e80000, 0x00000000d5580000)
  object space 80384K, 99% used [0x0000000080000000,0x0000000084e62078,0x0000000084e80000)
 Metaspace       used 54259K, committed 55680K, reserved 1114112K
  class space    used 5776K, committed 6400K, reserved 1048576K
}
Event: 735.067 GC heap before
{Heap before GC invocations=64 (full 2):
 PSYoungGen      total 19456K, used 19439K [0x00000000d5580000, 0x00000000d6b80000, 0x0000000100000000)
  eden space 18432K, 99% used [0x00000000d5580000,0x00000000d677fff0,0x00000000d6780000)
  from space 1024K, 98% used [0x00000000d6780000,0x00000000d687c000,0x00000000d6880000)
  to   space 2048K, 0% used [0x00000000d6980000,0x00000000d6980000,0x00000000d6b80000)
 ParOldGen       total 80384K, used 80264K [0x0000000080000000, 0x0000000084e80000, 0x00000000d5580000)
  object space 80384K, 99% used [0x0000000080000000,0x0000000084e62078,0x0000000084e80000)
 Metaspace       used 54261K, committed 55680K, reserved 1114112K
  class space    used 5776K, committed 6400K, reserved 1048576K
}
Event: 735.072 GC heap after
{Heap after GC invocations=64 (full 2):
 PSYoungGen      total 19456K, used 576K [0x00000000d5580000, 0x00000000d6a80000, 0x0000000100000000)
  eden space 18432K, 0% used [0x00000000d5580000,0x00000000d5580000,0x00000000d6780000)
  from space 1024K, 56% used [0x00000000d6980000,0x00000000d6a10000,0x00000000d6a80000)
  to   space 1024K, 0% used [0x00000000d6780000,0x00000000d6780000,0x00000000d6880000)
 ParOldGen       total 81920K, used 81272K [0x0000000080000000, 0x0000000085000000, 0x00000000d5580000)
  object space 81920K, 99% used [0x0000000080000000,0x0000000084f5e078,0x0000000085000000)
 Metaspace       used 54261K, committed 55680K, reserved 1114112K
  class space    used 5776K, committed 6400K, reserved 1048576K
}
Event: 735.185 GC heap before
{Heap before GC invocations=65 (full 2):
 PSYoungGen      total 19456K, used 19008K [0x00000000d5580000, 0x00000000d6a80000, 0x0000000100000000)
  eden space 18432K, 100% used [0x00000000d5580000,0x00000000d6780000,0x00000000d6780000)
  from space 1024K, 56% used [0x00000000d6980000,0x00000000d6a10000,0x00000000d6a80000)
  to   space 1024K, 0% used [0x00000000d6780000,0x00000000d6780000,0x00000000d6880000)
 ParOldGen       total 81920K, used 81272K [0x0000000080000000, 0x0000000085000000, 0x00000000d5580000)
  object space 81920K, 99% used [0x0000000080000000,0x0000000084f5e078,0x0000000085000000)
 Metaspace       used 54289K, committed 55680K, reserved 1114112K
  class space    used 5776K, committed 6400K, reserved 1048576K
}
Event: 735.187 GC heap after
{Heap after GC invocations=65 (full 2):
 PSYoungGen      total 19456K, used 480K [0x00000000d5580000, 0x00000000d6a00000, 0x0000000100000000)
  eden space 18432K, 0% used [0x00000000d5580000,0x00000000d5580000,0x00000000d6780000)
  from space 1024K, 46% used [0x00000000d6780000,0x00000000d67f8000,0x00000000d6880000)
  to   space 1024K, 0% used [0x00000000d6900000,0x00000000d6900000,0x00000000d6a00000)
 ParOldGen       total 81920K, used 81760K [0x0000000080000000, 0x0000000085000000, 0x00000000d5580000)
  object space 81920K, 99% used [0x0000000080000000,0x0000000084fd8078,0x0000000085000000)
 Metaspace       used 54289K, committed 55680K, reserved 1114112K
  class space    used 5776K, committed 6400K, reserved 1048576K
}
Event: 735.340 GC heap before
{Heap before GC invocations=66 (full 2):
 PSYoungGen      total 19456K, used 18912K [0x00000000d5580000, 0x00000000d6a00000, 0x0000000100000000)
  eden space 18432K, 100% used [0x00000000d5580000,0x00000000d6780000,0x00000000d6780000)
  from space 1024K, 46% used [0x00000000d6780000,0x00000000d67f8000,0x00000000d6880000)
  to   space 1024K, 0% used [0x00000000d6900000,0x00000000d6900000,0x00000000d6a00000)
 ParOldGen       total 81920K, used 81760K [0x0000000080000000, 0x0000000085000000, 0x00000000d5580000)
  object space 81920K, 99% used [0x0000000080000000,0x0000000084fd8078,0x0000000085000000)
 Metaspace       used 54399K, committed 55808K, reserved 1114112K
  class space    used 5787K, committed 6400K, reserved 1048576K
}
Event: 735.344 GC heap after
{Heap after GC invocations=66 (full 2):
 PSYoungGen      total 19456K, used 832K [0x00000000d5580000, 0x00000000d6a00000, 0x0000000100000000)
  eden space 18432K, 0% used [0x00000000d5580000,0x00000000d5580000,0x00000000d6780000)
  from space 1024K, 81% used [0x00000000d6900000,0x00000000d69d0000,0x00000000d6a00000)
  to   space 1024K, 0% used [0x00000000d6780000,0x00000000d6780000,0x00000000d6880000)
 ParOldGen       total 82432K, used 82144K [0x0000000080000000, 0x0000000085080000, 0x00000000d5580000)
  object space 82432K, 99% used [0x0000000080000000,0x0000000085038078,0x0000000085080000)
 Metaspace       used 54399K, committed 55808K, reserved 1114112K
  class space    used 5787K, committed 6400K, reserved 1048576K
}
Event: 735.693 GC heap before
{Heap before GC invocations=67 (full 2):
 PSYoungGen      total 19456K, used 19264K [0x00000000d5580000, 0x00000000d6a00000, 0x0000000100000000)
  eden space 18432K, 100% used [0x00000000d5580000,0x00000000d6780000,0x00000000d6780000)
  from space 1024K, 81% used [0x00000000d6900000,0x00000000d69d0000,0x00000000d6a00000)
  to   space 1024K, 0% used [0x00000000d6780000,0x00000000d6780000,0x00000000d6880000)
 ParOldGen       total 82432K, used 82144K [0x0000000080000000, 0x0000000085080000, 0x00000000d5580000)
  object space 82432K, 99% used [0x0000000080000000,0x0000000085038078,0x0000000085080000)
 Metaspace       used 55080K, committed 56512K, reserved 1114112K
  class space    used 5836K, committed 6464K, reserved 1048576K
}
Event: 735.698 GC heap after
{Heap after GC invocations=67 (full 2):
 PSYoungGen      total 19456K, used 992K [0x00000000d5580000, 0x00000000d6d80000, 0x0000000100000000)
  eden space 18432K, 0% used [0x00000000d5580000,0x00000000d5580000,0x00000000d6780000)
  from space 1024K, 96% used [0x00000000d6780000,0x00000000d6878010,0x00000000d6880000)
  to   space 3072K, 0% used [0x00000000d6a80000,0x00000000d6a80000,0x00000000d6d80000)
 ParOldGen       total 83968K, used 83520K [0x0000000080000000, 0x0000000085200000, 0x00000000d5580000)
  object space 83968K, 99% used [0x0000000080000000,0x0000000085190078,0x0000000085200000)
 Metaspace       used 55080K, committed 56512K, reserved 1114112K
  class space    used 5836K, committed 6464K, reserved 1048576K
}
Event: 736.859 GC heap before
{Heap before GC invocations=68 (full 2):
 PSYoungGen      total 19456K, used 19424K [0x00000000d5580000, 0x00000000d6d80000, 0x0000000100000000)
  eden space 18432K, 100% used [0x00000000d5580000,0x00000000d6780000,0x00000000d6780000)
  from space 1024K, 96% used [0x00000000d6780000,0x00000000d6878010,0x00000000d6880000)
  to   space 3072K, 0% used [0x00000000d6a80000,0x00000000d6a80000,0x00000000d6d80000)
 ParOldGen       total 83968K, used 83520K [0x0000000080000000, 0x0000000085200000, 0x00000000d5580000)
  object space 83968K, 99% used [0x0000000080000000,0x0000000085190078,0x0000000085200000)
 Metaspace       used 56489K, committed 57920K, reserved 1114112K
  class space    used 6060K, committed 6720K, reserved 1048576K
}
Event: 736.863 GC heap after
{Heap after GC invocations=68 (full 2):
 PSYoungGen      total 19456K, used 600K [0x00000000d5580000, 0x00000000d6b80000, 0x0000000100000000)
  eden space 18432K, 0% used [0x00000000d5580000,0x00000000d5580000,0x00000000d6780000)
  from space 1024K, 58% used [0x00000000d6a80000,0x00000000d6b162f8,0x00000000d6b80000)
  to   space 1536K, 0% used [0x00000000d6880000,0x00000000d6880000,0x00000000d6a00000)
 ParOldGen       total 84992K, used 84491K [0x0000000080000000, 0x0000000085300000, 0x00000000d5580000)
  object space 84992K, 99% used [0x0000000080000000,0x0000000085282d68,0x0000000085300000)
 Metaspace       used 56489K, committed 57920K, reserved 1114112K
  class space    used 6060K, committed 6720K, reserved 1048576K
}
Event: 737.787 GC heap before
{Heap before GC invocations=69 (full 2):
 PSYoungGen      total 19456K, used 19032K [0x00000000d5580000, 0x00000000d6b80000, 0x0000000100000000)
  eden space 18432K, 100% used [0x00000000d5580000,0x00000000d6780000,0x00000000d6780000)
  from space 1024K, 58% used [0x00000000d6a80000,0x00000000d6b162f8,0x00000000d6b80000)
  to   space 1536K, 0% used [0x00000000d6880000,0x00000000d6880000,0x00000000d6a00000)
 ParOldGen       total 84992K, used 84491K [0x0000000080000000, 0x0000000085300000, 0x00000000d5580000)
  object space 84992K, 99% used [0x0000000080000000,0x0000000085282d68,0x0000000085300000)
 Metaspace       used 57476K, committed 58880K, reserved 1114112K
  class space    used 6159K, committed 6784K, reserved 1048576K
}
Event: 737.790 GC heap after
{Heap after GC invocations=69 (full 2):
 PSYoungGen      total 19968K, used 640K [0x00000000d5580000, 0x00000000d6b00000, 0x0000000100000000)
  eden space 18432K, 0% used [0x00000000d5580000,0x00000000d5580000,0x00000000d6780000)
  from space 1536K, 41% used [0x00000000d6880000,0x00000000d6920010,0x00000000d6a00000)
  to   space 1024K, 0% used [0x00000000d6a00000,0x00000000d6a00000,0x00000000d6b00000)
 ParOldGen       total 84992K, used 84934K [0x0000000080000000, 0x0000000085300000, 0x00000000d5580000)
  object space 84992K, 99% used [0x0000000080000000,0x00000000852f1a90,0x0000000085300000)
 Metaspace       used 57476K, committed 58880K, reserved 1114112K
  class space    used 6159K, committed 6784K, reserved 1048576K
}
Event: 738.630 GC heap before
{Heap before GC invocations=70 (full 2):
 PSYoungGen      total 19968K, used 12612K [0x00000000d5580000, 0x00000000d6b00000, 0x0000000100000000)
  eden space 18432K, 64% used [0x00000000d5580000,0x00000000d6131260,0x00000000d6780000)
  from space 1536K, 41% used [0x00000000d6880000,0x00000000d6920010,0x00000000d6a00000)
  to   space 1024K, 0% used [0x00000000d6a00000,0x00000000d6a00000,0x00000000d6b00000)
 ParOldGen       total 84992K, used 84934K [0x0000000080000000, 0x0000000085300000, 0x00000000d5580000)
  object space 84992K, 99% used [0x0000000080000000,0x00000000852f1a90,0x0000000085300000)
 Metaspace       used 58358K, committed 59776K, reserved 1114112K
  class space    used 6253K, committed 6912K, reserved 1048576K
}
Event: 738.640 GC heap after
{Heap after GC invocations=70 (full 2):
 PSYoungGen      total 19456K, used 1024K [0x00000000d5580000, 0x00000000d6b80000, 0x0000000100000000)
  eden space 18432K, 0% used [0x00000000d5580000,0x00000000d5580000,0x00000000d6780000)
  from space 1024K, 100% used [0x00000000d6a00000,0x00000000d6b00000,0x00000000d6b00000)
  to   space 2048K, 0% used [0x00000000d6780000,0x00000000d6780000,0x00000000d6980000)
 ParOldGen       total 85504K, used 85492K [0x0000000080000000, 0x0000000085380000, 0x00000000d5580000)
  object space 85504K, 99% used [0x0000000080000000,0x000000008537d140,0x0000000085380000)
 Metaspace       used 58358K, committed 59776K, reserved 1114112K
  class space    used 6253K, committed 6912K, reserved 1048576K
}
Event: 738.640 GC heap before
{Heap before GC invocations=71 (full 3):
 PSYoungGen      total 19456K, used 1024K [0x00000000d5580000, 0x00000000d6b80000, 0x0000000100000000)
  eden space 18432K, 0% used [0x00000000d5580000,0x00000000d5580000,0x00000000d6780000)
  from space 1024K, 100% used [0x00000000d6a00000,0x00000000d6b00000,0x00000000d6b00000)
  to   space 2048K, 0% used [0x00000000d6780000,0x00000000d6780000,0x00000000d6980000)
 ParOldGen       total 85504K, used 85492K [0x0000000080000000, 0x0000000085380000, 0x00000000d5580000)
  object space 85504K, 99% used [0x0000000080000000,0x000000008537d140,0x0000000085380000)
 Metaspace       used 58358K, committed 59776K, reserved 1114112K
  class space    used 6253K, committed 6912K, reserved 1048576K
}
Event: 740.673 GC heap after
{Heap after GC invocations=71 (full 3):
 PSYoungGen      total 19456K, used 0K [0x00000000d5580000, 0x00000000d6b80000, 0x0000000100000000)
  eden space 18432K, 0% used [0x00000000d5580000,0x00000000d5580000,0x00000000d6780000)
  from space 1024K, 0% used [0x00000000d6a00000,0x00000000d6a00000,0x00000000d6b00000)
  to   space 2048K, 0% used [0x00000000d6780000,0x00000000d6780000,0x00000000d6980000)
 ParOldGen       total 85504K, used 66205K [0x0000000080000000, 0x0000000085380000, 0x00000000d5580000)
  object space 85504K, 77% used [0x0000000080000000,0x00000000840a7640,0x0000000085380000)
 Metaspace       used 58351K, committed 59776K, reserved 1114112K
  class space    used 6251K, committed 6912K, reserved 1048576K
}

Dll operation events (10 events):
Event: 0.023 Loaded shared library c:\Users\Dell\.vscode\extensions\redhat.java-1.55.0-win32-x64\jre\21.0.11-win32-x86_64\bin\java.dll
Event: 0.126 Loaded shared library c:\Users\Dell\.vscode\extensions\redhat.java-1.55.0-win32-x64\jre\21.0.11-win32-x86_64\bin\zip.dll
Event: 0.157 Loaded shared library C:\Users\Dell\.vscode\extensions\redhat.java-1.55.0-win32-x64\jre\21.0.11-win32-x86_64\bin\instrument.dll
Event: 0.168 Loaded shared library C:\Users\Dell\.vscode\extensions\redhat.java-1.55.0-win32-x64\jre\21.0.11-win32-x86_64\bin\net.dll
Event: 0.175 Loaded shared library C:\Users\Dell\.vscode\extensions\redhat.java-1.55.0-win32-x64\jre\21.0.11-win32-x86_64\bin\nio.dll
Event: 0.183 Loaded shared library C:\Users\Dell\.vscode\extensions\redhat.java-1.55.0-win32-x64\jre\21.0.11-win32-x86_64\bin\zip.dll
Event: 0.219 Loaded shared library C:\Users\Dell\.vscode\extensions\redhat.java-1.55.0-win32-x64\jre\21.0.11-win32-x86_64\bin\jimage.dll
Event: 0.326 Loaded shared library c:\Users\Dell\.vscode\extensions\redhat.java-1.55.0-win32-x64\jre\21.0.11-win32-x86_64\bin\verify.dll
Event: 4.402 Loaded shared library C:\Users\Dell\AppData\Roaming\Code\User\globalStorage\redhat.java\1.55.0\config_win\org.eclipse.equinox.launcher\org.eclipse.equinox.launcher.win32.win32.x86_64_1.3.100.v20260613-0559\eclipse_11924.dll
Event: 8.559 Loaded shared library C:\Users\Dell\AppData\Local\Temp\jna-2126305\jna16394312803788481310.dll

Deoptimization events (20 events):
Event: 740.868 Thread 0x0000027ce39e75f0 DEOPT PACKING pc=0x0000027cd0ddbe98 sp=0x00000087bc6fca30
Event: 740.868 Thread 0x0000027ce39e75f0 DEOPT UNPACKING pc=0x0000027cd0516da2 sp=0x00000087bc6fc9b8 mode 2
Event: 740.868 Thread 0x0000027ce39e75f0 Uncommon trap: trap_request=0xffffffde fr.pc=0x0000027cd0ddb60c relative=0x000000000000024c
Event: 740.868 Thread 0x0000027ce39e75f0 Uncommon trap: reason=class_check action=maybe_recompile pc=0x0000027cd0ddb60c method=java.util.Collections$UnmodifiableMap$UnmodifiableEntrySet$1.next()Ljava/util/Map$Entry; @ 8 c2
Event: 740.868 Thread 0x0000027ce39e75f0 DEOPT PACKING pc=0x0000027cd0ddb60c sp=0x00000087bc6fca00
Event: 740.868 Thread 0x0000027ce39e75f0 DEOPT UNPACKING pc=0x0000027cd0516da2 sp=0x00000087bc6fc948 mode 2
Event: 740.868 Thread 0x0000027ce39e75f0 Uncommon trap: trap_request=0xffffffde fr.pc=0x0000027cd0ddbb98 relative=0x0000000000000078
Event: 740.868 Thread 0x0000027ce39e75f0 Uncommon trap: reason=class_check action=maybe_recompile pc=0x0000027cd0ddbb98 method=java.util.Collections$UnmodifiableMap$UnmodifiableEntrySet$UnmodifiableEntry.getKey()Ljava/lang/Object; @ 4 c2
Event: 740.868 Thread 0x0000027ce39e75f0 DEOPT PACKING pc=0x0000027cd0ddbb98 sp=0x00000087bc6fca30
Event: 740.868 Thread 0x0000027ce39e75f0 DEOPT UNPACKING pc=0x0000027cd0516da2 sp=0x00000087bc6fc9b8 mode 2
Event: 740.868 Thread 0x0000027ce39e75f0 Uncommon trap: trap_request=0xffffffde fr.pc=0x0000027cd0ddbe98 relative=0x0000000000000078
Event: 740.868 Thread 0x0000027ce39e75f0 Uncommon trap: reason=class_check action=maybe_recompile pc=0x0000027cd0ddbe98 method=java.util.Collections$UnmodifiableMap$UnmodifiableEntrySet$UnmodifiableEntry.getValue()Ljava/lang/Object; @ 4 c2
Event: 740.868 Thread 0x0000027ce39e75f0 DEOPT PACKING pc=0x0000027cd0ddbe98 sp=0x00000087bc6fca30
Event: 740.868 Thread 0x0000027ce39e75f0 DEOPT UNPACKING pc=0x0000027cd0516da2 sp=0x00000087bc6fc9b8 mode 2
Event: 854.021 Thread 0x0000027ce52c2670 Uncommon trap: trap_request=0xffffff45 fr.pc=0x0000027cd0e35ccc relative=0x000000000000038c
Event: 854.023 Thread 0x0000027ce52c2670 Uncommon trap: reason=unstable_if action=reinterpret pc=0x0000027cd0e35ccc method=org.eclipse.core.runtime.Path.equals(Ljava/lang/Object;)Z @ 120 c2
Event: 854.025 Thread 0x0000027ce52c2670 DEOPT PACKING pc=0x0000027cd0e35ccc sp=0x00000087bf7fed10
Event: 854.027 Thread 0x0000027ce52c2670 DEOPT UNPACKING pc=0x0000027cd0516da2 sp=0x00000087bf7feca0 mode 2
Event: 1989.284 Thread 0x0000027ce52c2670 DEOPT PACKING pc=0x0000027cc96a4a41 sp=0x00000087bf7fe7f0
Event: 1989.286 Thread 0x0000027ce52c2670 DEOPT UNPACKING pc=0x0000027cd05178e2 sp=0x00000087bf7fdcd0 mode 0

Classes loaded (20 events):
Event: 33.796 Loading class sun/util/resources/cldr/TimeZoneNames_en
Event: 33.814 Loading class sun/util/resources/cldr/TimeZoneNames_en done
Event: 33.815 Loading class sun/util/resources/cldr/TimeZoneNames_en_US
Event: 33.815 Loading class sun/util/resources/cldr/TimeZoneNames_en_US done
Event: 33.833 Loading class sun/util/cldr/CLDRBaseLocaleDataMetaInfo$TZCanonicalIDMapHolder
Event: 33.843 Loading class sun/util/cldr/CLDRBaseLocaleDataMetaInfo$TZCanonicalIDMapHolder done
Event: 33.852 Loading class sun/util/resources/TimeZoneNames
Event: 33.859 Loading class sun/util/resources/TimeZoneNames done
Event: 33.860 Loading class sun/util/resources/TimeZoneNames_en
Event: 33.860 Loading class sun/util/resources/TimeZoneNames_en done
Event: 736.954 Loading class java/util/Vector$1
Event: 736.955 Loading class java/util/Vector$1 done
Event: 738.322 Loading class java/util/stream/ReduceOps$4
Event: 738.323 Loading class java/util/stream/ReduceOps$4 done
Event: 738.325 Loading class java/util/stream/ReduceOps$4ReducingSink
Event: 738.325 Loading class java/util/stream/ReduceOps$4ReducingSink done
Event: 738.334 Loading class java/nio/file/Files$2
Event: 738.335 Loading class java/nio/file/Files$2 done
Event: 740.889 Loading class java/util/Hashtable$ValueCollection
Event: 740.889 Loading class java/util/Hashtable$ValueCollection done

Classes unloaded (11 events):
Event: 9.301 Thread 0x0000027cdc7e1d20 Unloading class 0x0000027c811ad400 'java/lang/invoke/LambdaForm$MH+0x0000027c811ad400'
Event: 9.301 Thread 0x0000027cdc7e1d20 Unloading class 0x0000027c811ad000 'java/lang/invoke/LambdaForm$MH+0x0000027c811ad000'
Event: 9.301 Thread 0x0000027cdc7e1d20 Unloading class 0x0000027c811acc00 'java/lang/invoke/LambdaForm$MH+0x0000027c811acc00'
Event: 9.301 Thread 0x0000027cdc7e1d20 Unloading class 0x0000027c811ac800 'java/lang/invoke/LambdaForm$MH+0x0000027c811ac800'
Event: 9.301 Thread 0x0000027cdc7e1d20 Unloading class 0x0000027c811ac400 'java/lang/invoke/LambdaForm$BMH+0x0000027c811ac400'
Event: 9.301 Thread 0x0000027cdc7e1d20 Unloading class 0x0000027c811ac000 'java/lang/invoke/LambdaForm$DMH+0x0000027c811ac000'
Event: 9.301 Thread 0x0000027cdc7e1d20 Unloading class 0x0000027c811aac00 'java/lang/invoke/LambdaForm$DMH+0x0000027c811aac00'
Event: 739.268 Thread 0x0000027cdc7e1d20 Unloading class 0x0000027c81619c00 'java/lang/invoke/LambdaForm$DMH+0x0000027c81619c00'
Event: 739.283 Thread 0x0000027cdc7e1d20 Unloading class 0x0000027c81620400 'java/lang/invoke/LambdaForm$DMH+0x0000027c81620400'
Event: 739.283 Thread 0x0000027cdc7e1d20 Unloading class 0x0000027c81620000 'java/lang/invoke/LambdaForm$DMH+0x0000027c81620000'
Event: 739.283 Thread 0x0000027cdc7e1d20 Unloading class 0x0000027c81619800 'java/lang/invoke/LambdaForm$DMH+0x0000027c81619800'

Classes redefined (0 events):
No events

Internal exceptions (20 events):
Event: 19.205 Thread 0x0000027ce355af50 Exception <a 'java/lang/NoSuchMethodError'{0x00000000d65987e8}: 'void java.lang.invoke.DirectMethodHandle$Holder.invokeInterface(java.lang.Object, java.lang.Object)'> (0x00000000d65987e8) 
thrown [s\src\hotspot\share\interpreter\linkResolver.cpp, line 773]
Event: 20.286 Thread 0x0000027ce355af50 Exception <a 'sun/nio/fs/WindowsException'{0x00000000d68cfe98}> (0x00000000d68cfe98) 
thrown [s\src\hotspot\share\prims\jni.cpp, line 520]
Event: 20.286 Thread 0x0000027ce355af50 Exception <a 'sun/nio/fs/WindowsException'{0x00000000d68d04c8}> (0x00000000d68d04c8) 
thrown [s\src\hotspot\share\prims\jni.cpp, line 520]
Event: 20.882 Thread 0x0000027ce39e68d0 Exception <a 'sun/nio/fs/WindowsException'{0x00000000d637a658}> (0x00000000d637a658) 
thrown [s\src\hotspot\share\prims\jni.cpp, line 520]
Event: 20.882 Thread 0x0000027ce39e68d0 Exception <a 'sun/nio/fs/WindowsException'{0x00000000d637af38}> (0x00000000d637af38) 
thrown [s\src\hotspot\share\prims\jni.cpp, line 520]
Event: 20.883 Thread 0x0000027ce39e68d0 Exception <a 'sun/nio/fs/WindowsException'{0x00000000d637bc80}> (0x00000000d637bc80) 
thrown [s\src\hotspot\share\prims\jni.cpp, line 520]
Event: 20.883 Thread 0x0000027ce39e68d0 Exception <a 'sun/nio/fs/WindowsException'{0x00000000d637c560}> (0x00000000d637c560) 
thrown [s\src\hotspot\share\prims\jni.cpp, line 520]
Event: 20.884 Thread 0x0000027ce39e68d0 Exception <a 'sun/nio/fs/WindowsException'{0x00000000d637dd58}> (0x00000000d637dd58) 
thrown [s\src\hotspot\share\prims\jni.cpp, line 520]
Event: 20.885 Thread 0x0000027ce39e68d0 Exception <a 'sun/nio/fs/WindowsException'{0x00000000d637e638}> (0x00000000d637e638) 
thrown [s\src\hotspot\share\prims\jni.cpp, line 520]
Event: 20.893 Thread 0x0000027ce39e68d0 Exception <a 'sun/nio/fs/WindowsException'{0x00000000d6401240}> (0x00000000d6401240) 
thrown [s\src\hotspot\share\prims\jni.cpp, line 520]
Event: 20.893 Thread 0x0000027ce39e68d0 Exception <a 'sun/nio/fs/WindowsException'{0x00000000d6401b20}> (0x00000000d6401b20) 
thrown [s\src\hotspot\share\prims\jni.cpp, line 520]
Event: 21.457 Thread 0x0000027ce355af50 Exception <a 'sun/nio/fs/WindowsException'{0x00000000d5f47d48}> (0x00000000d5f47d48) 
thrown [s\src\hotspot\share\prims\jni.cpp, line 520]
Event: 21.458 Thread 0x0000027ce355af50 Exception <a 'sun/nio/fs/WindowsException'{0x00000000d5f48378}> (0x00000000d5f48378) 
thrown [s\src\hotspot\share\prims\jni.cpp, line 520]
Event: 732.369 Thread 0x0000027ce39e75f0 Implicit null exception at 0x0000027cd0e8f106 to 0x0000027cd0e8f210
Event: 732.511 Thread 0x0000027ce39e75f0 Implicit null exception at 0x0000027cd0e8c906 to 0x0000027cd0e8ca31
Event: 732.768 Thread 0x0000027ce39e75f0 Implicit null exception at 0x0000027cd0eb9c5b to 0x0000027cd0ebccb8
Event: 733.649 Thread 0x0000027ce39e75f0 Exception <a 'java/lang/IncompatibleClassChangeError'{0x00000000d5e38720}: Found class java.lang.Object, but interface was expected> (0x00000000d5e38720) 
thrown [s\src\hotspot\share\interpreter\linkResolver.cpp, line 840]
Event: 734.206 Thread 0x0000027ce39e75f0 Implicit null exception at 0x0000027cd0e9b1a1 to 0x0000027cd0e9b4b4
Event: 734.206 Thread 0x0000027ce39e75f0 Implicit null exception at 0x0000027cd0e9d401 to 0x0000027cd0e9d9bc
Event: 738.357 Thread 0x0000027ce39e75f0 Exception <a 'java/lang/NoSuchMethodError'{0x00000000d5b8fbf0}: 'int java.lang.invoke.DirectMethodHandle$Holder.invokeSpecialIFC(java.lang.Object, java.lang.Object, java.lang.Object)'> (0x00000000d5b8fbf0) 
thrown [s\src\hotspot\share\interpreter\linkResolver.cpp, line 773]

ZGC Phase Switch (0 events):
No events

VM Operations (20 events):
Event: 3427.464 Executing non-safepoint VM operation: HandshakeAllThreads (HandshakeForDeflation)
Event: 3427.465 Executing non-safepoint VM operation: HandshakeAllThreads (HandshakeForDeflation) done
Event: 3427.465 Executing non-safepoint VM operation: RendezvousGCThreads
Event: 3427.465 Executing non-safepoint VM operation: RendezvousGCThreads done
Event: 3487.565 Executing non-safepoint VM operation: HandshakeAllThreads (HandshakeForDeflation)
Event: 3487.565 Executing non-safepoint VM operation: HandshakeAllThreads (HandshakeForDeflation) done
Event: 3487.565 Executing non-safepoint VM operation: RendezvousGCThreads
Event: 3487.565 Executing non-safepoint VM operation: RendezvousGCThreads done
Event: 3547.570 Executing non-safepoint VM operation: HandshakeAllThreads (HandshakeForDeflation)
Event: 3547.571 Executing non-safepoint VM operation: HandshakeAllThreads (HandshakeForDeflation) done
Event: 3547.572 Executing non-safepoint VM operation: RendezvousGCThreads
Event: 3547.572 Executing non-safepoint VM operation: RendezvousGCThreads done
Event: 3607.680 Executing non-safepoint VM operation: HandshakeAllThreads (HandshakeForDeflation)
Event: 3607.687 Executing non-safepoint VM operation: HandshakeAllThreads (HandshakeForDeflation) done
Event: 3607.690 Executing non-safepoint VM operation: RendezvousGCThreads
Event: 3607.691 Executing non-safepoint VM operation: RendezvousGCThreads done
Event: 3667.772 Executing non-safepoint VM operation: HandshakeAllThreads (HandshakeForDeflation)
Event: 3668.036 Executing non-safepoint VM operation: HandshakeAllThreads (HandshakeForDeflation) done
Event: 3668.040 Executing non-safepoint VM operation: RendezvousGCThreads
Event: 3668.045 Executing non-safepoint VM operation: RendezvousGCThreads done

Memory protections (0 events):
No events

Nmethod flushes (20 events):
Event: 739.946 Thread 0x0000027cdc7e1d20 flushing  nmethod 0x0000027cc97ca290
Event: 739.946 Thread 0x0000027cdc7e1d20 flushing  nmethod 0x0000027cc97d0810
Event: 739.946 Thread 0x0000027cdc7e1d20 flushing  nmethod 0x0000027cc9824290
Event: 739.946 Thread 0x0000027cdc7e1d20 flushing  nmethod 0x0000027cc983d490
Event: 739.946 Thread 0x0000027cdc7e1d20 flushing  nmethod 0x0000027cc9846990
Event: 739.946 Thread 0x0000027cdc7e1d20 flushing  nmethod 0x0000027cc9869890
Event: 739.946 Thread 0x0000027cdc7e1d20 flushing  nmethod 0x0000027cc986a090
Event: 739.946 Thread 0x0000027cdc7e1d20 flushing  nmethod 0x0000027cc98cb310
Event: 739.946 Thread 0x0000027cdc7e1d20 flushing  nmethod 0x0000027cc98cbc10
Event: 739.946 Thread 0x0000027cdc7e1d20 flushing  nmethod 0x0000027cc98d8d90
Event: 739.946 Thread 0x0000027cdc7e1d20 flushing  nmethod 0x0000027cc98dbe10
Event: 739.946 Thread 0x0000027cdc7e1d20 flushing  nmethod 0x0000027cc98dd010
Event: 739.946 Thread 0x0000027cdc7e1d20 flushing  nmethod 0x0000027cc98ddf90
Event: 739.946 Thread 0x0000027cdc7e1d20 flushing  nmethod 0x0000027cc98e6110
Event: 739.946 Thread 0x0000027cdc7e1d20 flushing  nmethod 0x0000027cc98e8310
Event: 739.946 Thread 0x0000027cdc7e1d20 flushing  nmethod 0x0000027cc98e9390
Event: 739.946 Thread 0x0000027cdc7e1d20 flushing  nmethod 0x0000027cc98ea210
Event: 739.946 Thread 0x0000027cdc7e1d20 flushing  nmethod 0x0000027cc98ead90
Event: 739.946 Thread 0x0000027cdc7e1d20 flushing  nmethod 0x0000027cc98eb290
Event: 739.946 Thread 0x0000027cdc7e1d20 flushing  nmethod 0x0000027cc98f4e90

Events (20 events):
Event: 20.144 Thread 0x0000027ce39e5bb0 Thread exited: 0x0000027ce39e5bb0
Event: 81.493 Thread 0x0000027ce39e68d0 Thread exited: 0x0000027ce39e68d0
Event: 81.618 Thread 0x0000027ce355af50 Thread exited: 0x0000027ce355af50
Event: 87.197 Thread 0x0000027ce355c300 Thread exited: 0x0000027ce355c300
Event: 141.465 Thread 0x0000027ce39e5520 Thread exited: 0x0000027ce39e5520
Event: 201.474 Thread 0x0000027ce39e7c80 Thread exited: 0x0000027ce39e7c80
Event: 261.483 Thread 0x0000027ce39e75f0 Thread exited: 0x0000027ce39e75f0
Event: 316.486 Thread 0x0000027ce52c4dd0 Thread exited: 0x0000027ce52c4dd0
Event: 321.485 Thread 0x0000027ce52c3a20 Thread exited: 0x0000027ce52c3a20
Event: 381.500 Thread 0x0000027ce39e6240 Thread exited: 0x0000027ce39e6240
Event: 616.499 Thread 0x0000027ce52c2d00 Thread exited: 0x0000027ce52c2d00
Event: 725.481 Thread 0x0000027ce52bf1f0 Thread added: 0x0000027ce39e75f0
Event: 728.262 Thread 0x0000027ce39e75f0 Thread added: 0x0000027ce39e4e90
Event: 800.956 Thread 0x0000027ce39e75f0 Thread exited: 0x0000027ce39e75f0
Event: 860.953 Thread 0x0000027ce39e4e90 Thread exited: 0x0000027ce39e4e90
Event: 1038.027 Thread 0x0000027ce52c5460 Thread exited: 0x0000027ce52c5460
Event: 1338.044 Thread 0x0000027ce52c6180 Thread exited: 0x0000027ce52c6180
Event: 1638.061 Thread 0x0000027ce52c5af0 Thread exited: 0x0000027ce52c5af0
Event: 1938.083 Thread 0x0000027ce52c40b0 Thread exited: 0x0000027ce52c40b0
Event: 2238.096 Thread 0x0000027ce52c4740 Thread exited: 0x0000027ce52c4740


Dynamic libraries:
0x00007ff643480000 - 0x00007ff64348e000 	c:\Users\Dell\.vscode\extensions\redhat.java-1.55.0-win32-x64\jre\21.0.11-win32-x86_64\bin\java.exe
0x00007ffbf1d00000 - 0x00007ffbf1f66000 	C:\WINDOWS\SYSTEM32\ntdll.dll
0x00007ffbf09a0000 - 0x00007ffbf0a69000 	C:\WINDOWS\System32\KERNEL32.DLL
0x00007ffbeef20000 - 0x00007ffbef31e000 	C:\WINDOWS\System32\KERNELBASE.dll
0x00007ffbef3c0000 - 0x00007ffbef50c000 	C:\WINDOWS\System32\ucrtbase.dll
0x00007ffbdf100000 - 0x00007ffbdf11e000 	c:\Users\Dell\.vscode\extensions\redhat.java-1.55.0-win32-x64\jre\21.0.11-win32-x86_64\bin\VCRUNTIME140.dll
0x00007ffbdf0e0000 - 0x00007ffbdf0f8000 	c:\Users\Dell\.vscode\extensions\redhat.java-1.55.0-win32-x64\jre\21.0.11-win32-x86_64\bin\jli.dll
0x00007ffbf07d0000 - 0x00007ffbf0997000 	C:\WINDOWS\System32\USER32.dll
0x00007ffbef520000 - 0x00007ffbef547000 	C:\WINDOWS\System32\win32u.dll
0x00007ffbda4d0000 - 0x00007ffbda762000 	C:\WINDOWS\WinSxS\amd64_microsoft.windows.common-controls_6595b64144ccf1df_6.0.26100.8894_none_3e0f749ee32e02ea\COMCTL32.dll
0x00007ffbefa30000 - 0x00007ffbefa5b000 	C:\WINDOWS\System32\GDI32.dll
0x00007ffbefe90000 - 0x00007ffbeff39000 	C:\WINDOWS\System32\msvcrt.dll
0x00007ffbef610000 - 0x00007ffbef73a000 	C:\WINDOWS\System32\gdi32full.dll
0x00007ffbef8c0000 - 0x00007ffbef963000 	C:\WINDOWS\System32\msvcp_win.dll
0x00007ffbefbe0000 - 0x00007ffbefc12000 	C:\WINDOWS\System32\IMM32.DLL
0x00007ffbe6370000 - 0x00007ffbe637c000 	c:\Users\Dell\.vscode\extensions\redhat.java-1.55.0-win32-x64\jre\21.0.11-win32-x86_64\bin\vcruntime140_1.dll
0x00007ffbafc50000 - 0x00007ffbafcdd000 	c:\Users\Dell\.vscode\extensions\redhat.java-1.55.0-win32-x64\jre\21.0.11-win32-x86_64\bin\msvcp140.dll
0x00007ffba7470000 - 0x00007ffba8212000 	c:\Users\Dell\.vscode\extensions\redhat.java-1.55.0-win32-x64\jre\21.0.11-win32-x86_64\bin\server\jvm.dll
0x00007ffbf06f0000 - 0x00007ffbf07a7000 	C:\WINDOWS\System32\ADVAPI32.dll
0x00007ffbf05a0000 - 0x00007ffbf064a000 	C:\WINDOWS\System32\sechost.dll
0x00007ffbf1390000 - 0x00007ffbf14a8000 	C:\WINDOWS\System32\RPCRT4.dll
0x00007ffbf11a0000 - 0x00007ffbf1220000 	C:\WINDOWS\System32\WS2_32.dll
0x00007ffbeeda0000 - 0x00007ffbeedfe000 	C:\WINDOWS\SYSTEM32\POWRPROF.dll
0x00007ffbda770000 - 0x00007ffbda7a6000 	C:\WINDOWS\SYSTEM32\WINMM.dll
0x00007ffbe7aa0000 - 0x00007ffbe7aab000 	C:\WINDOWS\SYSTEM32\VERSION.dll
0x00007ffbeed80000 - 0x00007ffbeed94000 	C:\WINDOWS\SYSTEM32\UMPDC.dll
0x00007ffbedbd0000 - 0x00007ffbedbeb000 	C:\WINDOWS\SYSTEM32\kernel.appcore.dll
0x00007ffbe11e0000 - 0x00007ffbe11ea000 	c:\Users\Dell\.vscode\extensions\redhat.java-1.55.0-win32-x64\jre\21.0.11-win32-x86_64\bin\jimage.dll
0x00007ffbec410000 - 0x00007ffbec652000 	C:\WINDOWS\SYSTEM32\DBGHELP.DLL
0x00007ffbf0020000 - 0x00007ffbf03a3000 	C:\WINDOWS\System32\combase.dll
0x00007ffbeff40000 - 0x00007ffbf0019000 	C:\WINDOWS\System32\OLEAUT32.dll
0x00007ffbd8f40000 - 0x00007ffbd8f7b000 	C:\WINDOWS\SYSTEM32\dbgcore.DLL
0x00007ffbef550000 - 0x00007ffbef5fc000 	C:\WINDOWS\System32\bcryptPrimitives.dll
0x00007ffbe10e0000 - 0x00007ffbe10ef000 	c:\Users\Dell\.vscode\extensions\redhat.java-1.55.0-win32-x64\jre\21.0.11-win32-x86_64\bin\instrument.dll
0x00007ffbd1770000 - 0x00007ffbd1790000 	c:\Users\Dell\.vscode\extensions\redhat.java-1.55.0-win32-x64\jre\21.0.11-win32-x86_64\bin\java.dll
0x00007ffbf1520000 - 0x00007ffbf1cb2000 	C:\WINDOWS\System32\SHELL32.dll
0x00007ffbec9a0000 - 0x00007ffbed232000 	C:\WINDOWS\SYSTEM32\windows.storage.dll
0x00007ffbf1290000 - 0x00007ffbf1387000 	C:\WINDOWS\System32\SHCORE.dll
0x00007ffbefa60000 - 0x00007ffbefac7000 	C:\WINDOWS\System32\shlwapi.dll
0x00007ffbeee40000 - 0x00007ffbeee69000 	C:\WINDOWS\SYSTEM32\profapi.dll
0x00007ffbcde80000 - 0x00007ffbcde98000 	c:\Users\Dell\.vscode\extensions\redhat.java-1.55.0-win32-x64\jre\21.0.11-win32-x86_64\bin\zip.dll
0x00007ffbdf780000 - 0x00007ffbdf790000 	C:\Users\Dell\.vscode\extensions\redhat.java-1.55.0-win32-x64\jre\21.0.11-win32-x86_64\bin\net.dll
0x00007ffbe6590000 - 0x00007ffbe66b7000 	C:\WINDOWS\SYSTEM32\WINHTTP.dll
0x00007ffbee1b0000 - 0x00007ffbee21c000 	C:\WINDOWS\system32\mswsock.dll
0x00007ffbcdb30000 - 0x00007ffbcdb46000 	C:\Users\Dell\.vscode\extensions\redhat.java-1.55.0-win32-x64\jre\21.0.11-win32-x86_64\bin\nio.dll
0x00007ffbdf570000 - 0x00007ffbdf580000 	c:\Users\Dell\.vscode\extensions\redhat.java-1.55.0-win32-x64\jre\21.0.11-win32-x86_64\bin\verify.dll
0x00007ffbd9370000 - 0x00007ffbd93b5000 	C:\Users\Dell\AppData\Roaming\Code\User\globalStorage\redhat.java\1.55.0\config_win\org.eclipse.equinox.launcher\org.eclipse.equinox.launcher.win32.win32.x86_64_1.3.100.v20260613-0559\eclipse_11924.dll
0x00007ffbf0b70000 - 0x00007ffbf0d09000 	C:\WINDOWS\System32\ole32.dll
0x00007ffbee4b0000 - 0x00007ffbee4cb000 	C:\WINDOWS\SYSTEM32\CRYPTSP.dll
0x00007ffbedb30000 - 0x00007ffbedb69000 	C:\WINDOWS\system32\rsaenh.dll
0x00007ffbee270000 - 0x00007ffbee2a2000 	C:\WINDOWS\SYSTEM32\USERENV.dll
0x00007ffbeee10000 - 0x00007ffbeee3a000 	C:\WINDOWS\SYSTEM32\bcrypt.dll
0x00007ffbee4d0000 - 0x00007ffbee4dc000 	C:\WINDOWS\SYSTEM32\CRYPTBASE.dll
0x00007ffbed570000 - 0x00007ffbed5a3000 	C:\WINDOWS\SYSTEM32\IPHLPAPI.DLL
0x00007ffbf0650000 - 0x00007ffbf065a000 	C:\WINDOWS\System32\NSI.dll
0x00007ffbbb730000 - 0x00007ffbbb779000 	C:\Users\Dell\AppData\Local\Temp\jna-2126305\jna16394312803788481310.dll
0x00007ffbf1500000 - 0x00007ffbf1508000 	C:\WINDOWS\System32\PSAPI.DLL
0x00007ffbe69f0000 - 0x00007ffbe6a0d000 	C:\WINDOWS\SYSTEM32\dhcpcsvc6.DLL
0x00007ffbe69c0000 - 0x00007ffbe69e5000 	C:\WINDOWS\SYSTEM32\dhcpcsvc.DLL

JVMTI agents:
c:\Users\Dell\.vscode\extensions\redhat.java-1.55.0-win32-x64\lombok\lombok-1.18.39-4050.jar path:c:\Users\Dell\.vscode\extensions\redhat.java-1.55.0-win32-x64\jre\21.0.11-win32-x86_64\bin\instrument.dll, loaded, initialized, instrumentlib options:none

dbghelp: loaded successfully - version: 4.0.5 - missing functions: none
symbol engine: initialized successfully - sym options: 0x614 - pdb path: .;c:\Users\Dell\.vscode\extensions\redhat.java-1.55.0-win32-x64\jre\21.0.11-win32-x86_64\bin;C:\WINDOWS\SYSTEM32;C:\WINDOWS\WinSxS\amd64_microsoft.windows.common-controls_6595b64144ccf1df_6.0.26100.8894_none_3e0f749ee32e02ea;c:\Users\Dell\.vscode\extensions\redhat.java-1.55.0-win32-x64\jre\21.0.11-win32-x86_64\bin\server;C:\Users\Dell\AppData\Roaming\Code\User\globalStorage\redhat.java\1.55.0\config_win\org.eclipse.equinox.launcher\org.eclipse.equinox.launcher.win32.win32.x86_64_1.3.100.v20260613-0559;C:\Users\Dell\AppData\Local\Temp\jna-2126305

VM Arguments:
jvm_args: --add-modules=ALL-SYSTEM --add-opens=java.base/java.util=ALL-UNNAMED --add-opens=java.base/java.lang=ALL-UNNAMED --add-opens=java.base/sun.nio.fs=ALL-UNNAMED -Declipse.application=org.eclipse.jdt.ls.core.id1 -Dosgi.bundles.defaultStartLevel=4 -Declipse.product=org.eclipse.jdt.ls.core.product -Djava.import.generatesMetadataFilesAtProjectRoot=false -DDetectVMInstallationsJob.disabled=true -Dfile.encoding=utf8 -XX:+UseParallelGC -XX:GCTimeRatio=4 -XX:AdaptiveSizePolicyWeight=90 -Dsun.zip.disableMemoryMapping=true -Xmx2G -Xms100m -Xlog:disable -javaagent:c:\Users\Dell\.vscode\extensions\redhat.java-1.55.0-win32-x64\lombok\lombok-1.18.39-4050.jar -XX:+HeapDumpOnOutOfMemoryError -XX:HeapDumpPath=c:\Users\Dell\AppData\Roaming\Code\User\workspaceStorage\4d1858ec969a40d187841ddc02feab80\redhat.java -Daether.dependencyCollector.impl=bf 
java_command: c:\Users\Dell\.vscode\extensions\redhat.java-1.55.0-win32-x64\server\plugins\org.eclipse.equinox.launcher_1.7.200.v20260619-2039.jar -configuration c:\Users\Dell\AppData\Roaming\Code\User\globalStorage\redhat.java\1.55.0\config_win -data c:\Users\Dell\AppData\Roaming\Code\User\workspaceStorage\4d1858ec969a40d187841ddc02feab80\redhat.java\jdt_ws --pipe=\\.\pipe\lsp-14e2d2ec39cced0a15f851b84bc68e67-sock
java_class_path (initial): c:\Users\Dell\.vscode\extensions\redhat.java-1.55.0-win32-x64\server\plugins\org.eclipse.equinox.launcher_1.7.200.v20260619-2039.jar
Launcher Type: SUN_STANDARD

[Global flags]
    uintx AdaptiveSizePolicyWeight                 = 90                                        {product} {command line}
     intx CICompilerCount                          = 4                                         {product} {ergonomic}
    uintx GCTimeRatio                              = 4                                         {product} {command line}
     bool HeapDumpOnOutOfMemoryError               = true                                   {manageable} {command line}
    ccstr HeapDumpPath                             = c:\Users\Dell\AppData\Roaming\Code\User\workspaceStorage\4d1858ec969a40d187841ddc02feab80\redhat.java         {manageable} {command line}
   size_t InitialHeapSize                          = 104857600                                 {product} {command line}
   size_t MaxHeapSize                              = 2147483648                                {product} {command line}
   size_t MaxNewSize                               = 715653120                                 {product} {ergonomic}
   size_t MinHeapDeltaBytes                        = 524288                                    {product} {ergonomic}
   size_t MinHeapSize                              = 104857600                                 {product} {command line}
   size_t NewSize                                  = 34603008                                  {product} {ergonomic}
    uintx NonNMethodCodeHeapSize                   = 5839372                                {pd product} {ergonomic}
    uintx NonProfiledCodeHeapSize                  = 122909434                              {pd product} {ergonomic}
   size_t OldSize                                  = 70254592                                  {product} {ergonomic}
    uintx ProfiledCodeHeapSize                     = 122909434                              {pd product} {ergonomic}
    uintx ReservedCodeCacheSize                    = 251658240                              {pd product} {ergonomic}
     bool SegmentedCodeCache                       = true                                      {product} {ergonomic}
   size_t SoftMaxHeapSize                          = 2147483648                             {manageable} {ergonomic}
     bool UseCompressedOops                        = true                           {product lp64_product} {ergonomic}
     bool UseLargePagesIndividualAllocation        = false                                  {pd product} {ergonomic}
     bool UseParallelGC                            = true                                      {product} {command line}

Logging:
Log output configuration:
 #0: stdout all=off uptime,level,tags foldmultilines=false
 #1: stderr all=off uptime,level,tags foldmultilines=false

Release file:
JAVA_VERSION="21.0.11" 
MODULES="java.base java.compiler java.datatransfer java.xml java.prefs java.desktop java.instrument java.logging java.management java.security.sasl java.naming java.rmi java.management.rmi java.net.http java.scripting java.security.jgss java.transaction.xa java.sql java.sql.rowset java.xml.crypto java.se java.smartcardio jdk.accessibility jdk.internal.jvmstat jdk.attach jdk.charsets jdk.internal.opt jdk.zipfs jdk.compiler jdk.crypto.ec jdk.crypto.cryptoki jdk.crypto.mscapi jdk.dynalink jdk.internal.ed jdk.editpad jdk.hotspot.agent jdk.httpserver jdk.internal.le jdk.internal.vm.ci jdk.internal.vm.compiler jdk.internal.vm.compiler.management jdk.jartool jdk.javadoc jdk.jcmd jdk.management jdk.management.agent jdk.jconsole jdk.jdeps jdk.jdwp.agent jdk.jdi jdk.jfr jdk.jshell jdk.jsobject jdk.jstatd jdk.localedata jdk.management.jfr jdk.naming.dns jdk.naming.rmi jdk.net jdk.nio.mapmode jdk.random jdk.sctp jdk.security.auth jdk.security.jgss jdk.unsupported jdk.unsupported.desktop jdk.xml.dom" 

Environment Variables:
PATH=C:\Program Files\Common Files\Oracle\Java\javapath;C:\WINDOWS\system32;C:\WINDOWS;C:\WINDOWS\System32\Wbem;C:\WINDOWS\System32\WindowsPowerShell\v1.0\;C:\WINDOWS\System32\OpenSSH\;C:\Program Files\dotnet\;C:\MinGW\bin;C:\Program Files\Java\jdk-21\bin;C:\Program Files\nodejs\;C:\Program Files\Git\cmd;C:\Program Files\MySQL\MySQL Server 8.0\bin;C:\Program Files\MySQL\MySQL Shell 8.0\bin\;C:\Users\Dell\AppData\Local\Microsoft\WindowsApps;C:\Users\Dell\AppData\Local\Programs\Microsoft VS Code\bin;C:\MinGW\bin;C:\Users\Dell\AppData\Roaming\npm;C:\Users\Dell\AppData\Local\Programs\Warp\bin;
USERNAME=Dell
OS=Windows_NT
PROCESSOR_IDENTIFIER=Intel64 Family 6 Model 126 Stepping 5, GenuineIntel
TMP=C:\Users\Dell\AppData\Local\Temp
TEMP=C:\Users\Dell\AppData\Local\Temp




Periodic native trim disabled

---------------  S Y S T E M  ---------------

OS:
 Windows 11 , 64 bit Build 26100 (10.0.26100.8875)
OS uptime: 0 days 4:08 hours
Hyper-V role detected

CPU: total 8 (initial active 8) (4 cores per cpu, 2 threads per core) family 6 model 126 stepping 5 microcode 0xc2, cx8, cmov, fxsr, ht, mmx, 3dnowpref, sse, sse2, sse3, ssse3, sse4.1, sse4.2, popcnt, lzcnt, tsc, tscinvbit, avx, avx2, aes, erms, clmul, bmi1, bmi2, adx, avx512f, avx512dq, avx512cd, avx512bw, avx512vl, sha, fma, vzeroupper, avx512_vpopcntdq, avx512_vpclmulqdq, avx512_vaes, avx512_vnni, clflush, clflushopt, avx512_vbmi2, avx512_vbmi, hv, rdtscp, rdpid, fsrm, gfni, avx512_bitalg, f16c, avx512_ifma
Processor Information for the first 8 processors :
  Max Mhz: 1190, Current Mhz: 991, Mhz Limit: 987

Memory: 4k page, system-wide physical 3863M (462M free)
TotalPageFile size 15639M (AvailPageFile size 92M)
current process WorkingSet (physical memory assigned to process): 8M, peak: 253M
current process commit charge ("private bytes"): 347M, peak: 366M

vm_info: OpenJDK 64-Bit Server VM (21.0.11+10-LTS) for windows-amd64 JRE (21.0.11+10-LTS), built on 2026-04-21T00:00:00Z by "admin" with MS VC++ 17.12 (VS2022)

END.
